
===========================================================================
 report_power
============================================================================
======================= Fastest Corner ===================================

Group                  Internal  Switching    Leakage      Total
                          Power      Power      Power      Power (Watts)
----------------------------------------------------------------
Sequential             6.12e-06   7.73e-07   2.25e-09   6.90e-06  43.4%
Combinational          1.78e-06   2.68e-06   3.63e-09   4.46e-06  28.1%
Clock                  1.73e-06   2.79e-06   1.08e-08   4.53e-06  28.5%
Macro                  0.00e+00   0.00e+00   0.00e+00   0.00e+00   0.0%
Pad                    0.00e+00   0.00e+00   0.00e+00   0.00e+00   0.0%
----------------------------------------------------------------
Total                  9.63e-06   6.25e-06   1.67e-08   1.59e-05 100.0%
                          60.6%      39.3%       0.1%

======================= Slowest Corner ===================================

Group                  Internal  Switching    Leakage      Total
                          Power      Power      Power      Power (Watts)
----------------------------------------------------------------
Sequential             4.27e-06   5.17e-07   1.87e-06   6.66e-06  39.2%
Combinational          1.34e-06   1.79e-06   3.90e-06   7.03e-06  41.4%
Clock                  1.22e-06   1.87e-06   2.02e-07   3.29e-06  19.4%
Macro                  0.00e+00   0.00e+00   0.00e+00   0.00e+00   0.0%
Pad                    0.00e+00   0.00e+00   0.00e+00   0.00e+00   0.0%
----------------------------------------------------------------
Total                  6.84e-06   4.17e-06   5.97e-06   1.70e-05 100.0%
                          40.3%      24.6%      35.2%

======================= Typical Corner ===================================

Group                  Internal  Switching    Leakage      Total
                          Power      Power      Power      Power (Watts)
----------------------------------------------------------------
Sequential             5.30e-06   6.56e-07   1.09e-09   5.96e-06  43.3%
Combinational          1.63e-06   2.27e-06   2.76e-09   3.91e-06  28.4%
Clock                  1.51e-06   2.38e-06   1.04e-08   3.90e-06  28.3%
Macro                  0.00e+00   0.00e+00   0.00e+00   0.00e+00   0.0%
Pad                    0.00e+00   0.00e+00   0.00e+00   0.00e+00   0.0%
----------------------------------------------------------------
Total                  8.45e-06   5.31e-06   1.43e-08   1.38e-05 100.0%
                          61.3%      38.6%       0.1%

