
62. Printing statistics.

=== alphasoc_mem ===

   Number of wires:              32347
   Number of wire bits:          32433
   Number of public wires:        8197
   Number of public wire bits:    8283
   Number of memories:               0
   Number of memory bits:            0
   Number of processes:              0
   Number of cells:              32374
     sky130_fd_sc_hd__a2111o_2      64
     sky130_fd_sc_hd__a221o_2       32
     sky130_fd_sc_hd__a22o_2       992
     sky130_fd_sc_hd__and2_2        19
     sky130_fd_sc_hd__and2b_2        4
     sky130_fd_sc_hd__and3_2      1024
     sky130_fd_sc_hd__buf_1      11170
     sky130_fd_sc_hd__dfxtp_2     8224
     sky130_fd_sc_hd__mux2_2      8192
     sky130_fd_sc_hd__mux4_2      2048
     sky130_fd_sc_hd__nand2_2        2
     sky130_fd_sc_hd__nand2b_2       2
     sky130_fd_sc_hd__nor2_2        19
     sky130_fd_sc_hd__nor2b_2        2
     sky130_fd_sc_hd__o21a_2       480
     sky130_fd_sc_hd__o41a_2        96
     sky130_fd_sc_hd__or2_2          2
     sky130_fd_sc_hd__or2b_2         2

   Chip area for module '\alphasoc_mem': 379785.494400

