Partial/Required:  9.96, Required:    400.0, Partial:  3984.25, Net: _20565_, Pin: _42107_/A, Layer: met3
Partial/Required:  7.15, Required:    400.0, Partial:  2861.08, Net: _19343_, Pin: _42415_/B, Layer: met3
Partial/Required:  6.70, Required:    400.0, Partial:  2678.54, Net: _13432_, Pin: _37193_/C, Layer: met3
Partial/Required:  6.70, Required:    400.0, Partial:  2678.54, Net: _13432_, Pin: _32319_/C, Layer: met3
Partial/Required:  6.64, Required:    400.0, Partial:  2654.09, Net: net28, Pin: _46599_/A, Layer: met3
Partial/Required:  6.63, Required:    400.0, Partial:  2651.11, Net: net57, Pin: output57/A, Layer: met3
Partial/Required:  6.51, Required:    400.0, Partial:  2604.28, Net: net32, Pin: _46608_/A, Layer: met3
Partial/Required:  6.28, Required:    400.0, Partial:  2513.52, Net: _19343_, Pin: _41839_/B, Layer: met3
Partial/Required:  6.28, Required:    400.0, Partial:  2513.52, Net: _19343_, Pin: _40991_/B, Layer: met3
Partial/Required:  6.28, Required:    400.0, Partial:  2513.52, Net: _19343_, Pin: _41009_/B, Layer: met3
Partial/Required:  6.24, Required:    400.0, Partial:  2494.49, Net: net25, Pin: _46587_/A, Layer: met3
Partial/Required:  5.85, Required:    400.0, Partial:  2340.23, Net: net69, Pin: output69/A, Layer: met3
Partial/Required:  5.48, Required:    400.0, Partial:  2190.41, Net: net66, Pin: output66/A, Layer: met3
Partial/Required:  5.45, Required:    400.0, Partial:  2179.18, Net: net48, Pin: output48/A, Layer: met3
Partial/Required:  5.32, Required:    400.0, Partial:  2126.74, Net: net65, Pin: output65/A, Layer: met3
Partial/Required:  5.11, Required:    400.0, Partial:   2043.3, Net: mem\[16\]\[8\], Pin: _25613_/A0, Layer: met3
Partial/Required:  4.90, Required:    400.0, Partial:  1958.35, Net: _20564_, Pin: _42109_/A1, Layer: met3
Partial/Required:  4.90, Required:    400.0, Partial:  1958.35, Net: _20564_, Pin: _42327_/A1, Layer: met3
Partial/Required:  4.79, Required:    400.0, Partial:  1917.71, Net: _21979_, Pin: _45633_/B, Layer: met3
Partial/Required:  4.38, Required:    400.0, Partial:  1752.13, Net: _12880_, Pin: _28925_/C, Layer: met3
Partial/Required:  4.38, Required:    400.0, Partial:  1752.13, Net: _12880_, Pin: _42397_/C, Layer: met3
Partial/Required:  4.20, Required:    400.0, Partial:  1679.26, Net: _15049_, Pin: _37260_/A, Layer: met3
Partial/Required:  4.18, Required:    400.0, Partial:  1671.18, Net: _12266_, Pin: _28279_/B1, Layer: met3
Partial/Required:  4.01, Required:    400.0, Partial:  1603.17, Net: _10940_, Pin: _26884_/D1, Layer: met3
Partial/Required:  3.96, Required:    400.0, Partial:  1583.63, Net: net47, Pin: output47/A, Layer: met3
Partial/Required:  3.93, Required:    400.0, Partial:   1572.4, Net: net63, Pin: output63/A, Layer: met3
Partial/Required:  3.78, Required:    400.0, Partial:  1512.47, Net: net50, Pin: output50/A, Layer: met3
Partial/Required:  3.75, Required:    400.0, Partial:  1498.92, Net: _20571_, Pin: _42205_/A1, Layer: met3
Partial/Required:  3.72, Required:    400.0, Partial:   1489.2, Net: _11599_, Pin: _27583_/C1, Layer: met4
Partial/Required:  3.66, Required:    400.0, Partial:  1463.78, Net: net59, Pin: output59/A, Layer: met3
Partial/Required:  3.58, Required:    400.0, Partial:  1431.01, Net: _11462_, Pin: _27439_/C1, Layer: met4
Partial/Required:  3.57, Required:    400.0, Partial:  1426.81, Net: _10880_, Pin: _26884_/B1, Layer: met3
Partial/Required:  3.42, Required:    400.0, Partial:  1367.34, Net: _10814_, Pin: _26757_/D1, Layer: met3
Partial/Required:  3.41, Required:    400.0, Partial:  1362.29, Net: _19841_, Pin: _42217_/B, Layer: met3
Partial/Required:  3.39, Required:    400.0, Partial:  1355.44, Net: _10543_, Pin: _26484_/D1, Layer: met3
Partial/Required:  3.36, Required:    400.0, Partial:  1343.92, Net: net61, Pin: output61/A, Layer: met3
Partial/Required:  3.32, Required:    400.0, Partial:  1326.39, Net: _21538_, Pin: _46002_/B, Layer: met2
Partial/Required:  3.32, Required:    400.0, Partial:  1326.39, Net: _21538_, Pin: _46616_/B, Layer: met2
Partial/Required:  3.23, Required:    400.0, Partial:  1290.15, Net: _18410_, Pin: _42055_/A, Layer: met3
Partial/Required:  3.23, Required:    400.0, Partial:  1290.15, Net: _18410_, Pin: _39552_/A, Layer: met3
Partial/Required:  3.22, Required:    400.0, Partial:   1287.5, Net: _09262_, Pin: _25194_/B1, Layer: met4
Partial/Required:  3.09, Required:    400.0, Partial:   1236.0, Net: _14583_, Pin: _41986_/A1, Layer: met3
Partial/Required:  3.09, Required:    400.0, Partial:   1236.0, Net: _14583_, Pin: _37151_/A1, Layer: met3
Partial/Required:  3.05, Required:    400.0, Partial:  1219.56, Net: _11211_, Pin: _27157_/D1, Layer: met3
Partial/Required:  3.00, Required:    400.0, Partial:  1201.56, Net: _21446_, Pin: _43911_/B, Layer: met2
Partial/Required:  2.97, Required:    400.0, Partial:  1188.91, Net: _11151_, Pin: _27157_/B1, Layer: met3
Partial/Required:  2.95, Required:    400.0, Partial:  1179.11, Net: _21760_, Pin: _44991_/B, Layer: met3
Partial/Required:  2.95, Required:    400.0, Partial:  1179.11, Net: _21760_, Pin: _45027_/B, Layer: met3
Partial/Required:  2.91, Required:    400.0, Partial:  1163.05, Net: _10129_, Pin: _26067_/D1, Layer: met3
Partial/Required:  2.88, Required:    400.0, Partial:  1153.08, Net: _12831_, Pin: _30326_/C, Layer: met3
Partial/Required:  2.88, Required:    400.0, Partial:  1153.08, Net: _12831_, Pin: _47936_/B, Layer: met3
Partial/Required:  2.88, Required:    400.0, Partial:  1153.08, Net: _12831_, Pin: _47845_/B, Layer: met3
Partial/Required:  2.88, Required:    400.0, Partial:  1153.08, Net: _12831_, Pin: _47249_/B, Layer: met3
Partial/Required:  2.88, Required:    400.0, Partial:   1150.1, Net: _20571_, Pin: _42090_/A1, Layer: met3
Partial/Required:  2.86, Required:    400.0, Partial:  1145.28, Net: _13112_, Pin: _29317_/C, Layer: met2
Partial/Required:  2.83, Required:    400.0, Partial:  1132.67, Net: net35, Pin: _47743_/A, Layer: met3
Partial/Required:  2.78, Required:    400.0, Partial:  1113.11, Net: _13112_, Pin: _45543_/B, Layer: met1
Partial/Required:  2.73, Required:    400.0, Partial:   1090.5, Net: _21396_, Pin: _46569_/B, Layer: met2
Partial/Required:  2.70, Required:    400.0, Partial:  1078.35, Net: _20581_, Pin: _42215_/A1, Layer: met3
Partial/Required:  2.69, Required:    400.0, Partial:  1077.93, Net: _08329_, Pin: _24474_/A, Layer: met3
Partial/Required:  2.69, Required:    400.0, Partial:  1077.93, Net: _08329_, Pin: _25911_/A, Layer: met3
Partial/Required:  2.61, Required:    400.0, Partial:  1044.06, Net: _20564_, Pin: _42201_/A1, Layer: met3
Partial/Required:  2.61, Required:    400.0, Partial:  1044.06, Net: _20564_, Pin: _42237_/A1, Layer: met3
Partial/Required:  2.61, Required:    400.0, Partial:  1043.19, Net: _15028_, Pin: _36654_/A, Layer: met3
Partial/Required:  2.60, Required:    400.0, Partial:  1041.52, Net: _19408_, Pin: _42199_/B, Layer: met3
Partial/Required:  2.60, Required:    400.0, Partial:  1041.52, Net: _19408_, Pin: _41172_/B, Layer: met3
Partial/Required:  2.60, Required:    400.0, Partial:  1041.52, Net: _19408_, Pin: _41153_/B, Layer: met3
Partial/Required:  2.60, Required:    400.0, Partial:  1041.52, Net: _19408_, Pin: _41135_/B, Layer: met3
Partial/Required:  2.60, Required:    400.0, Partial:  1041.52, Net: _19408_, Pin: _40127_/B, Layer: met3
Partial/Required:  2.60, Required:    400.0, Partial:  1040.48, Net: net36, Pin: _47746_/A, Layer: met3
Partial/Required:  2.56, Required:    400.0, Partial:  1022.86, Net: _21697_, Pin: _46074_/B, Layer: met3
Partial/Required:  2.55, Required:    400.0, Partial:  1018.78, Net: _20130_, Pin: _42058_/A1, Layer: met2
Partial/Required:  2.53, Required:    400.0, Partial:  1011.08, Net: _15059_, Pin: _32649_/A, Layer: met3
Partial/Required:  2.50, Required:    400.0, Partial:  1001.67, Net: _14575_, Pin: _37143_/A1, Layer: met1
Partial/Required:  2.49, Required:    400.0, Partial:    997.4, Net: _20573_, Pin: _42207_/A1, Layer: met3
Partial/Required:  2.49, Required:    400.0, Partial:    997.4, Net: _20573_, Pin: _42243_/A1, Layer: met3
Partial/Required:  2.49, Required:    400.0, Partial:   994.89, Net: _08398_, Pin: _24814_/A, Layer: met3
Partial/Required:  2.49, Required:    400.0, Partial:   994.89, Net: _08398_, Pin: _26186_/A, Layer: met3
Partial/Required:  2.49, Required:    400.0, Partial:   994.89, Net: _08398_, Pin: _27558_/A, Layer: met3
Partial/Required:  2.49, Required:    400.0, Partial:   994.89, Net: _08398_, Pin: _24325_/A, Layer: met3
Partial/Required:  2.46, Required:    400.0, Partial:   984.49, Net: _18410_, Pin: _44222_/A, Layer: met3
Partial/Required:  2.42, Required:    400.0, Partial:   967.05, Net: _21697_, Pin: _44248_/B, Layer: met3
Partial/Required:  2.42, Required:    400.0, Partial:   967.05, Net: _21697_, Pin: _44864_/B, Layer: met3
Partial/Required:  2.39, Required:    400.0, Partial:   955.61, Net: _13451_, Pin: _33325_/B, Layer: met2
Partial/Required:  2.39, Required:    400.0, Partial:   955.61, Net: _13451_, Pin: _33361_/B, Layer: met2
Partial/Required:  2.38, Required:    400.0, Partial:   951.49, Net: _20564_, Pin: _42084_/A1, Layer: met3
Partial/Required:  2.38, Required:    400.0, Partial:   950.64, Net: net64, Pin: output64/A, Layer: met3
Partial/Required:  2.37, Required:    400.0, Partial:   947.22, Net: _14359_, Pin: _32844_/B, Layer: met2
Partial/Required:  2.37, Required:    400.0, Partial:   946.89, Net: net46, Pin: output46/A, Layer: met3
Partial/Required:  2.34, Required:    400.0, Partial:   936.63, Net: _15038_, Pin: _32622_/A1, Layer: met3
Partial/Required:  2.34, Required:    400.0, Partial:   936.63, Net: _15038_, Pin: _33161_/A1, Layer: met3
Partial/Required:  2.34, Required:    400.0, Partial:   936.15, Net: _10911_, Pin: _26855_/B1, Layer: met3
Partial/Required:  2.33, Required:    400.0, Partial:   932.22, Net: _20564_, Pin: _42237_/A1, Layer: met2
Partial/Required:  2.31, Required:    400.0, Partial:   924.25, Net: _11947_, Pin: _27899_/B1, Layer: met3
Partial/Required:  2.26, Required:    400.0, Partial:    902.4, Net: _10773_, Pin: _26716_/A2, Layer: met3
Partial/Required:  2.24, Required:    400.0, Partial:   895.33, Net: _22474_, Pin: _46297_/A1, Layer: met1
Partial/Required:  2.19, Required:    400.0, Partial:   875.22, Net: _22530_, Pin: _46259_/A1, Layer: met1
Partial/Required:  2.17, Required:    400.0, Partial:   869.84, Net: _20287_, Pin: _41640_/B, Layer: met3
Partial/Required:  2.17, Required:    400.0, Partial:   869.21, Net: _20573_, Pin: _42093_/A1, Layer: met3
Partial/Required:  2.16, Required:    400.0, Partial:   865.68, Net: _15034_, Pin: _32617_/A, Layer: met3
Partial/Required:  2.15, Required:    400.0, Partial:   859.75, Net: _17363_, Pin: _36600_/B, Layer: met2
Partial/Required:  2.15, Required:    400.0, Partial:   859.75, Net: _17363_, Pin: _38608_/B, Layer: met2
Partial/Required:  2.12, Required:    400.0, Partial:   849.51, Net: net74, Pin: output74/A, Layer: met3
Partial/Required:  2.10, Required:    400.0, Partial:   839.62, Net: _20565_, Pin: _42325_/A, Layer: met3
Partial/Required:  2.10, Required:    400.0, Partial:   839.62, Net: _20565_, Pin: _42082_/A, Layer: met3
Partial/Required:  2.10, Required:    400.0, Partial:   838.27, Net: net73, Pin: output73/A, Layer: met3
Partial/Required:  2.09, Required:    400.0, Partial:   835.66, Net: _15062_, Pin: _37220_/A, Layer: met3
Partial/Required:  2.09, Required:    400.0, Partial:   835.66, Net: _15062_, Pin: _36689_/A, Layer: met3
Partial/Required:  2.09, Required:    400.0, Partial:   835.66, Net: _15062_, Pin: _37790_/A, Layer: met3
Partial/Required:  2.09, Required:    400.0, Partial:   834.46, Net: _15095_, Pin: _32695_/A, Layer: met3
Partial/Required:  2.08, Required:    400.0, Partial:   832.97, Net: _12273_, Pin: _28249_/A1, Layer: met3
Partial/Required:  2.07, Required:    400.0, Partial:   828.06, Net: _20569_, Pin: _42203_/A1, Layer: met3
Partial/Required:  2.07, Required:    400.0, Partial:   828.06, Net: _20569_, Pin: _42239_/A1, Layer: met3
Partial/Required:  2.07, Required:    400.0, Partial:   826.12, Net: _11601_, Pin: _27550_/B1, Layer: met3
Partial/Required:  2.05, Required:    400.0, Partial:   819.54, Net: net68, Pin: output68/A, Layer: met3
Partial/Required:  2.04, Required:    400.0, Partial:   817.52, Net: _20579_, Pin: _42213_/A1, Layer: met3
Partial/Required:  2.04, Required:    400.0, Partial:   817.52, Net: _20579_, Pin: _42249_/A1, Layer: met3
Partial/Required:  2.04, Required:    400.0, Partial:   815.13, Net: _12065_, Pin: _28047_/C1, Layer: met3
Partial/Required:  2.03, Required:    400.0, Partial:   810.44, Net: _12714_, Pin: _28808_/A1, Layer: met1
Partial/Required:  2.02, Required:    400.0, Partial:    810.0, Net: _16975_, Pin: _39751_/B, Layer: met2
Partial/Required:  2.02, Required:    400.0, Partial:   809.18, Net: _08299_, Pin: _26700_/A, Layer: met3
Partial/Required:  2.01, Required:    400.0, Partial:   804.93, Net: _12779_, Pin: _47403_/B, Layer: met3
Partial/Required:  2.01, Required:    400.0, Partial:   804.93, Net: _12779_, Pin: _46544_/B, Layer: met3
Partial/Required:  2.01, Required:    400.0, Partial:   804.93, Net: _12779_, Pin: _46500_/B, Layer: met3
Partial/Required:  2.01, Required:    400.0, Partial:   804.93, Net: _12779_, Pin: _46463_/B, Layer: met3
Partial/Required:  2.01, Required:    400.0, Partial:   804.93, Net: _12779_, Pin: _46807_/B, Layer: met3
Partial/Required:  2.01, Required:    400.0, Partial:   804.36, Net: _08286_, Pin: _24566_/A, Layer: met3
Partial/Required:  2.00, Required:    400.0, Partial:   800.81, Net: net75, Pin: output75/A, Layer: met3
Partial/Required:  2.00, Required:    400.0, Partial:   800.33, Net: _15083_, Pin: _33189_/A, Layer: met1
Partial/Required:  1.98, Required:    400.0, Partial:   793.66, Net: _12410_, Pin: _28395_/C1, Layer: met3
Partial/Required:  1.97, Required:    400.0, Partial:   786.67, Net: _21697_, Pin: _44038_/B, Layer: met1
Partial/Required:  1.94, Required:    400.0, Partial:   774.38, Net: _18506_, Pin: _41998_/A, Layer: met3
Partial/Required:  1.94, Required:    400.0, Partial:   774.06, Net: _15071_, Pin: _37229_/A, Layer: met3
Partial/Required:  1.94, Required:    400.0, Partial:   774.06, Net: _15071_, Pin: _36698_/A, Layer: met3
Partial/Required:  1.94, Required:    400.0, Partial:   774.06, Net: _15071_, Pin: _37799_/A, Layer: met3
Partial/Required:  1.93, Required:    400.0, Partial:   773.49, Net: _15049_, Pin: _32637_/A, Layer: met3
Partial/Required:  1.92, Required:    400.0, Partial:   769.95, Net: _08315_, Pin: _24414_/A, Layer: met4
Partial/Required:  1.92, Required:    400.0, Partial:   769.95, Net: _08315_, Pin: _27296_/A, Layer: met4
Partial/Required:  1.92, Required:    400.0, Partial:   768.34, Net: _21446_, Pin: _43875_/B, Layer: met3
Partial/Required:  1.92, Required:    400.0, Partial:   768.34, Net: _21446_, Pin: _43911_/B, Layer: met3
Partial/Required:  1.92, Required:    400.0, Partial:   768.34, Net: _21446_, Pin: _43839_/B, Layer: met3
Partial/Required:  1.92, Required:    400.0, Partial:   766.64, Net: _10635_, Pin: _26577_/A2, Layer: met3
Partial/Required:  1.90, Required:    400.0, Partial:   761.02, Net: _21365_, Pin: _46524_/B, Layer: met3
Partial/Required:  1.90, Required:    400.0, Partial:   761.02, Net: _21365_, Pin: _45930_/B, Layer: met3
Partial/Required:  1.89, Required:    400.0, Partial:   756.43, Net: _08991_, Pin: _24921_/B1, Layer: met3
Partial/Required:  1.88, Required:    400.0, Partial:   752.95, Net: _19890_, Pin: _44001_/B, Layer: met3
Partial/Required:  1.88, Required:    400.0, Partial:   752.95, Net: _19890_, Pin: _43965_/B, Layer: met3
Partial/Required:  1.88, Required:    400.0, Partial:   750.48, Net: _08474_, Pin: _24402_/B1, Layer: met3
Partial/Required:  1.88, Required:    400.0, Partial:    750.1, Net: _20791_, Pin: _42629_/A1, Layer: met3
Partial/Required:  1.86, Required:    400.0, Partial:   743.13, Net: _13045_, Pin: _47584_/B, Layer: met2
Partial/Required:  1.86, Required:    400.0, Partial:   743.13, Net: _13045_, Pin: _46989_/B, Layer: met2
Partial/Required:  1.86, Required:    400.0, Partial:   743.13, Net: _13045_, Pin: _46373_/B, Layer: met2
Partial/Required:  1.85, Required:    400.0, Partial:    740.7, Net: _18074_, Pin: _37932_/A1, Layer: met3
Partial/Required:  1.85, Required:    400.0, Partial:   739.88, Net: _08723_, Pin: _24651_/B1, Layer: met3
Partial/Required:  1.84, Required:    400.0, Partial:   737.89, Net: _22758_, Pin: _46155_/A1, Layer: met1
Partial/Required:  1.84, Required:    400.0, Partial:   737.44, Net: _18501_, Pin: _40836_/A, Layer: met3
Partial/Required:  1.84, Required:    400.0, Partial:   737.44, Net: _18501_, Pin: _40263_/A, Layer: met3
Partial/Required:  1.84, Required:    400.0, Partial:   737.44, Net: _18501_, Pin: _41411_/A, Layer: met3
Partial/Required:  1.84, Required:    400.0, Partial:   734.86, Net: _18028_, Pin: _40798_/B, Layer: met3
Partial/Required:  1.83, Required:    400.0, Partial:   732.25, Net: _12779_, Pin: _28862_/C, Layer: met3
Partial/Required:  1.83, Required:    400.0, Partial:   732.25, Net: _12779_, Pin: _28768_/C, Layer: met3
Partial/Required:  1.83, Required:    400.0, Partial:   731.86, Net: _10907_, Pin: _26851_/A2, Layer: met3
Partial/Required:  1.81, Required:    400.0, Partial:    725.9, Net: net72, Pin: output72/A, Layer: met3
Partial/Required:  1.80, Required:    400.0, Partial:    721.6, Net: _08271_, Pin: _26254_/A, Layer: met3
Partial/Required:  1.80, Required:    400.0, Partial:    721.6, Net: _08271_, Pin: _24557_/A, Layer: met3
Partial/Required:  1.80, Required:    400.0, Partial:    721.6, Net: _08271_, Pin: _24705_/A, Layer: met3
Partial/Required:  1.80, Required:    400.0, Partial:    721.6, Net: _08271_, Pin: _27449_/A, Layer: met3
Partial/Required:  1.79, Required:    400.0, Partial:   714.22, Net: _22472_, Pin: _46068_/A1, Layer: met1
Partial/Required:  1.78, Required:    400.0, Partial:   713.83, Net: _13764_, Pin: _33080_/B, Layer: met2
Partial/Required:  1.78, Required:    400.0, Partial:   713.83, Net: _13764_, Pin: _30417_/B, Layer: met2
Partial/Required:  1.78, Required:    400.0, Partial:   713.12, Net: _12525_, Pin: _28511_/C1, Layer: met3
Partial/Required:  1.78, Required:    400.0, Partial:   710.33, Net: _22476_, Pin: _46182_/A1, Layer: met1
Partial/Required:  1.78, Required:    400.0, Partial:   710.14, Net: _09601_, Pin: _25543_/C1, Layer: met3
Partial/Required:  1.76, Required:    400.0, Partial:    702.1, Net: _17485_, Pin: _38844_/B, Layer: met3
Partial/Required:  1.76, Required:    400.0, Partial:    702.1, Net: _17485_, Pin: _38862_/B, Layer: met3
Partial/Required:  1.75, Required:    400.0, Partial:   699.83, Net: _12831_, Pin: _30326_/C, Layer: met2
Partial/Required:  1.73, Required:    400.0, Partial:   691.46, Net: _18392_, Pin: _41902_/A, Layer: met3
Partial/Required:  1.72, Required:    400.0, Partial:   686.98, Net: _20575_, Pin: _42245_/A1, Layer: met3
Partial/Required:  1.71, Required:    400.0, Partial:   683.33, Net: _15683_, Pin: _35786_/B, Layer: met1
Partial/Required:  1.70, Required:    400.0, Partial:   679.36, Net: _08326_, Pin: _24816_/A, Layer: met3
Partial/Required:  1.69, Required:    400.0, Partial:   677.04, Net: _08398_, Pin: _24996_/A, Layer: met3
Partial/Required:  1.69, Required:    400.0, Partial:   677.04, Net: _08398_, Pin: _26368_/A, Layer: met3
Partial/Required:  1.69, Required:    400.0, Partial:   676.44, Net: mem\[11\]\[2\], Pin: _24785_/A3, Layer: met3
Partial/Required:  1.69, Required:    400.0, Partial:   675.56, Net: _12706_, Pin: _46735_/B, Layer: met2
Partial/Required:  1.68, Required:    400.0, Partial:   673.75, Net: _21760_, Pin: _44901_/B, Layer: met2
Partial/Required:  1.68, Required:    400.0, Partial:   673.75, Net: _21760_, Pin: _46111_/B, Layer: met2
Partial/Required:  1.68, Required:    400.0, Partial:   672.44, Net: _22501_, Pin: _46331_/A1, Layer: met1
Partial/Required:  1.68, Required:    400.0, Partial:   670.53, Net: _15071_, Pin: _36698_/A, Layer: met2
Partial/Required:  1.67, Required:    400.0, Partial:   667.11, Net: _20575_, Pin: _42096_/A1, Layer: met1
Partial/Required:  1.65, Required:    400.0, Partial:    660.7, Net: _20092_, Pin: _42307_/B, Layer: met3
Partial/Required:  1.65, Required:    400.0, Partial:   658.63, Net: _15040_, Pin: _37251_/A, Layer: met3
Partial/Required:  1.65, Required:    400.0, Partial:   658.43, Net: _08321_, Pin: _24479_/A, Layer: met2
Partial/Required:  1.64, Required:    400.0, Partial:   656.49, Net: _08224_, Pin: _32680_/A, Layer: met3
Partial/Required:  1.64, Required:    400.0, Partial:   656.49, Net: _08224_, Pin: _36709_/A, Layer: met3
Partial/Required:  1.62, Required:    400.0, Partial:   647.69, Net: _09397_, Pin: _25331_/B1, Layer: met3
Partial/Required:  1.62, Required:    400.0, Partial:   647.69, Net: _10572_, Pin: _26514_/D1, Layer: met3
Partial/Required:  1.62, Required:    400.0, Partial:   647.24, Net: _19841_, Pin: _42904_/B, Layer: met3
Partial/Required:  1.59, Required:    400.0, Partial:   636.11, Net: _14705_, Pin: _32505_/A1, Layer: met1
Partial/Required:  1.59, Required:    400.0, Partial:   635.56, Net: _17077_, Pin: _38499_/B, Layer: met3
Partial/Required:  1.59, Required:    400.0, Partial:   635.56, Net: _17077_, Pin: _38517_/B, Layer: met3
Partial/Required:  1.58, Required:    400.0, Partial:   633.14, Net: _18444_, Pin: _38441_/B, Layer: met3
Partial/Required:  1.58, Required:    400.0, Partial:   633.14, Net: _18444_, Pin: _38461_/B, Layer: met3
Partial/Required:  1.57, Required:    400.0, Partial:   629.26, Net: _18395_, Pin: _41905_/A, Layer: met3
Partial/Required:  1.57, Required:    400.0, Partial:   628.15, Net: _15052_, Pin: _34386_/A, Layer: met1
Partial/Required:  1.55, Required:    400.0, Partial:   620.93, Net: _08336_, Pin: _28999_/A, Layer: met3
Partial/Required:  1.54, Required:    400.0, Partial:   617.06, Net: _20581_, Pin: _42215_/A1, Layer: met4
Partial/Required:  1.54, Required:    400.0, Partial:   617.06, Net: _20581_, Pin: _42287_/A1, Layer: met4
Partial/Required:  1.54, Required:    400.0, Partial:   617.06, Net: _20581_, Pin: _42431_/A1, Layer: met4
Partial/Required:  1.54, Required:    400.0, Partial:   617.06, Net: _20581_, Pin: _42377_/A1, Layer: met4
Partial/Required:  1.54, Required:    400.0, Partial:   617.06, Net: _20581_, Pin: _42323_/A1, Layer: met4
Partial/Required:  1.54, Required:    400.0, Partial:   617.06, Net: _20581_, Pin: _42251_/A1, Layer: met4
Partial/Required:  1.54, Required:    400.0, Partial:   616.89, Net: _16323_, Pin: _35840_/B, Layer: met2
Partial/Required:  1.54, Required:    400.0, Partial:   616.89, Net: _16323_, Pin: _36848_/B, Layer: met2
Partial/Required:  1.53, Required:    400.0, Partial:   613.76, Net: _08333_, Pin: _26744_/A, Layer: met3
Partial/Required:  1.53, Required:    400.0, Partial:   613.76, Net: _08333_, Pin: _24437_/A, Layer: met3
Partial/Required:  1.53, Required:    400.0, Partial:   613.54, Net: net71, Pin: output71/A, Layer: met3
Partial/Required:  1.53, Required:    400.0, Partial:   610.52, Net: _10395_, Pin: _26335_/D1, Layer: met4
Partial/Required:  1.51, Required:    400.0, Partial:   603.99, Net: _09547_, Pin: _25512_/C1, Layer: met3
Partial/Required:  1.50, Required:    400.0, Partial:   601.97, Net: _13164_, Pin: _30507_/C, Layer: met3
Partial/Required:  1.50, Required:    400.0, Partial:   601.97, Net: _13164_, Pin: _30435_/C, Layer: met3
Partial/Required:  1.50, Required:    400.0, Partial:   601.39, Net: _17399_, Pin: _36662_/A1, Layer: met2
Partial/Required:  1.50, Required:    400.0, Partial:   598.07, Net: _08959_, Pin: _25566_/A1, Layer: met2
Partial/Required:  1.48, Required:    400.0, Partial:   593.44, Net: _14730_, Pin: _32475_/A1, Layer: met1
Partial/Required:  1.48, Required:    400.0, Partial:   592.22, Net: _13603_, Pin: _47900_/C, Layer: met1
Partial/Required:  1.48, Required:    400.0, Partial:   590.22, Net: _08565_, Pin: _24949_/S0, Layer: met1
Partial/Required:  1.47, Required:    400.0, Partial:   589.08, Net: _16975_, Pin: _38735_/B, Layer: met3
Partial/Required:  1.47, Required:    400.0, Partial:   589.08, Net: _16975_, Pin: _38753_/B, Layer: met3
Partial/Required:  1.46, Required:    400.0, Partial:   585.33, Net: _18069_, Pin: _42125_/B, Layer: met1
Partial/Required:  1.46, Required:    400.0, Partial:   585.27, Net: _13044_, Pin: _42995_/C, Layer: met3
Partial/Required:  1.46, Required:    400.0, Partial:   583.75, Net: _15662_, Pin: _34699_/B, Layer: met3
Partial/Required:  1.46, Required:    400.0, Partial:   583.75, Net: _15662_, Pin: _34717_/B, Layer: met3
Partial/Required:  1.46, Required:    400.0, Partial:   583.75, Net: _15662_, Pin: _34735_/B, Layer: met3
Partial/Required:  1.46, Required:    400.0, Partial:   583.75, Net: _15662_, Pin: _35768_/B, Layer: met3
Partial/Required:  1.46, Required:    400.0, Partial:   583.75, Net: _15662_, Pin: _35732_/B, Layer: met3
Partial/Required:  1.46, Required:    400.0, Partial:   583.75, Net: _15662_, Pin: _33693_/B, Layer: met3
Partial/Required:  1.46, Required:    400.0, Partial:   583.75, Net: _15662_, Pin: _33675_/B, Layer: met3
Partial/Required:  1.46, Required:    400.0, Partial:   583.75, Net: _15662_, Pin: _36711_/B, Layer: met3
Partial/Required:  1.46, Required:    400.0, Partial:   583.75, Net: _15662_, Pin: _36737_/B, Layer: met3
Partial/Required:  1.46, Required:    400.0, Partial:   583.18, Net: _09331_, Pin: _25272_/C1, Layer: met3
Partial/Required:  1.46, Required:    400.0, Partial:   582.98, Net: _19272_, Pin: _43429_/B, Layer: met3
Partial/Required:  1.45, Required:    400.0, Partial:   581.67, Net: _16730_, Pin: _35513_/A1, Layer: met1
Partial/Required:  1.45, Required:    400.0, Partial:   580.22, Net: _13021_, Pin: _29372_/C, Layer: met3
Partial/Required:  1.45, Required:    400.0, Partial:   580.22, Net: _13021_, Pin: _44846_/B, Layer: met3
Partial/Required:  1.45, Required:    400.0, Partial:   580.22, Net: _13021_, Pin: _46951_/B, Layer: met3
Partial/Required:  1.45, Required:    400.0, Partial:   580.22, Net: _13021_, Pin: _47548_/B, Layer: met3
Partial/Required:  1.45, Required:    400.0, Partial:   578.78, Net: _15438_, Pin: _33726_/A1, Layer: met1
Partial/Required:  1.43, Required:    400.0, Partial:   572.49, Net: _08377_, Pin: _25436_/A, Layer: met3
Partial/Required:  1.43, Required:    400.0, Partial:   572.49, Net: _08377_, Pin: _26808_/A, Layer: met3
Partial/Required:  1.43, Required:    400.0, Partial:   572.49, Net: _08377_, Pin: _25256_/A, Layer: met3
Partial/Required:  1.43, Required:    400.0, Partial:   572.49, Net: _08377_, Pin: _24570_/A, Layer: met3
Partial/Required:  1.43, Required:    400.0, Partial:   571.94, Net: clk, Pin: clkbuf_0_clk/A, Layer: met4
Partial/Required:  1.43, Required:    400.0, Partial:   571.57, Net: _09841_, Pin: _25784_/A3, Layer: met2
Partial/Required:  1.43, Required:    400.0, Partial:   571.36, Net: _12935_, Pin: _29075_/A, Layer: met3
Partial/Required:  1.43, Required:    400.0, Partial:   571.36, Net: _12935_, Pin: _48062_/C, Layer: met3
Partial/Required:  1.41, Required:    400.0, Partial:   564.84, Net: net56, Pin: output56/A, Layer: met3
Partial/Required:  1.40, Required:    400.0, Partial:   561.45, Net: _12292_, Pin: _28247_/B1, Layer: met3
Partial/Required:  1.40, Required:    400.0, Partial:   559.11, Net: _08448_, Pin: _28525_/S0, Layer: met2
Partial/Required:  1.39, Required:    400.0, Partial:   556.28, Net: _13764_, Pin: _34122_/B, Layer: met2
Partial/Required:  1.39, Required:    400.0, Partial:   555.31, Net: _11390_, Pin: _27345_/C1, Layer: met1
Partial/Required:  1.39, Required:    400.0, Partial:   555.13, Net: _20793_, Pin: _42557_/A1, Layer: met3
Partial/Required:  1.39, Required:    400.0, Partial:   555.13, Net: _20793_, Pin: _42613_/A1, Layer: met3
Partial/Required:  1.39, Required:    400.0, Partial:   555.13, Net: _20793_, Pin: _42503_/A1, Layer: met3
Partial/Required:  1.39, Required:    400.0, Partial:   554.33, Net: _21365_, Pin: _45930_/B, Layer: met2
Partial/Required:  1.38, Required:    400.0, Partial:   552.44, Net: _16753_, Pin: _35614_/A1, Layer: met1
Partial/Required:  1.36, Required:    400.0, Partial:   545.33, Net: _13111_, Pin: _48278_/C, Layer: met2
Partial/Required:  1.36, Required:   3312.8, Partial:  4510.73, Net: _13089_, Pin: _29278_/C, Layer: met3
Partial/Required:  1.35, Required:    400.0, Partial:   539.11, Net: _17747_, Pin: _37755_/A1, Layer: met1
Partial/Required:  1.35, Required:    400.0, Partial:   539.11, Net: _17747_, Pin: _37700_/A1, Layer: met1
Partial/Required:  1.35, Required:    400.0, Partial:   538.11, Net: _16736_, Pin: _35706_/A1, Layer: met1
Partial/Required:  1.34, Required:    400.0, Partial:   536.33, Net: _15396_, Pin: _33740_/A1, Layer: met1
Partial/Required:  1.33, Required:    400.0, Partial:   533.73, Net: _08287_, Pin: _24214_/B1, Layer: met2
Partial/Required:  1.33, Required:    400.0, Partial:   531.13, Net: net45, Pin: output45/A, Layer: met3
Partial/Required:  1.33, Required:    400.0, Partial:   531.13, Net: net76, Pin: output76/A, Layer: met3
Partial/Required:  1.32, Required:    400.0, Partial:   529.56, Net: _19768_, Pin: _40714_/A1, Layer: met1
Partial/Required:  1.32, Required:    400.0, Partial:   527.79, Net: _20287_, Pin: _44585_/B, Layer: met3
Partial/Required:  1.32, Required:    400.0, Partial:   527.79, Net: _20287_, Pin: _44549_/B, Layer: met3
Partial/Required:  1.32, Required:    400.0, Partial:   527.79, Net: _20287_, Pin: _42361_/B, Layer: met3
Partial/Required:  1.31, Required:    400.0, Partial:   524.33, Net: _20787_, Pin: _42497_/A, Layer: met1
Partial/Required:  1.31, Required:    400.0, Partial:   524.33, Net: _20795_, Pin: _42559_/A1, Layer: met1
Partial/Required:  1.31, Required:    400.0, Partial:   523.78, Net: _19800_, Pin: _41277_/A1, Layer: met1
Partial/Required:  1.29, Required:    400.0, Partial:    517.5, Net: _13366_, Pin: _29793_/C, Layer: met2
Partial/Required:  1.29, Required:    400.0, Partial:   516.85, Net: _12640_, Pin: _28627_/C1, Layer: met3
Partial/Required:  1.29, Required:    400.0, Partial:   515.81, Net: _19890_, Pin: _40955_/B, Layer: met3
Partial/Required:  1.29, Required:    400.0, Partial:   515.81, Net: _19890_, Pin: _40937_/B, Layer: met3
Partial/Required:  1.28, Required:    400.0, Partial:   513.33, Net: _21538_, Pin: _43767_/B, Layer: met1
Partial/Required:  1.28, Required:    400.0, Partial:   511.16, Net: _08301_, Pin: _24230_/B1, Layer: met3
Partial/Required:  1.28, Required:    400.0, Partial:   510.44, Net: _19506_, Pin: _40545_/A1, Layer: met1
Partial/Required:  1.27, Required:    400.0, Partial:    507.5, Net: _22522_, Pin: _45691_/A1, Layer: met1
Partial/Required:  1.27, Required:    400.0, Partial:    507.5, Net: _22522_, Pin: _45916_/A1, Layer: met1
Partial/Required:  1.27, Required:    400.0, Partial:   506.44, Net: mem\[16\]\[26\], Pin: _28013_/A0, Layer: met1
Partial/Required:  1.25, Required:   3669.2, Partial:   4598.1, Net: _20575_, Pin: _42117_/A1, Layer: met3
Partial/Required:  1.24, Required:    400.0, Partial:   497.76, Net: _12710_, Pin: _29510_/A, Layer: met1
Partial/Required:  1.24, Required:    400.0, Partial:   497.72, Net: _17407_, Pin: _36674_/A1, Layer: met2
Partial/Required:  1.24, Required:    400.0, Partial:   495.06, Net: _15662_, Pin: _33675_/B, Layer: met2
Partial/Required:  1.24, Required:    400.0, Partial:   494.89, Net: _17077_, Pin: _40597_/B, Layer: met2
Partial/Required:  1.24, Required:    400.0, Partial:   494.89, Net: _17077_, Pin: _36107_/B, Layer: met2
Partial/Required:  1.24, Required:    400.0, Partial:    494.5, Net: _08241_, Pin: _24168_/A, Layer: met3
Partial/Required:  1.23, Required:    400.0, Partial:   491.11, Net: _20525_, Pin: _42017_/A1, Layer: met1
Partial/Required:  1.22, Required:    400.0, Partial:   488.67, Net: _17300_, Pin: _39842_/B, Layer: met1
Partial/Required:  1.22, Required:  3843.08, Partial:  4686.48, Net: _16080_, Pin: _38226_/B, Layer: met3
Partial/Required:  1.21, Required:    400.0, Partial:   483.38, Net: _08293_, Pin: _24750_/A, Layer: met2
Partial/Required:  1.19, Required:    400.0, Partial:   475.78, Net: _16784_, Pin: _35644_/A1, Layer: met1
Partial/Required:  1.19, Required:    400.0, Partial:   475.33, Net: _13441_, Pin: _29882_/A1, Layer: met1
Partial/Required:  1.18, Required:    400.0, Partial:   470.15, Net: _12924_, Pin: _42832_/B, Layer: met2
Partial/Required:  1.18, Required:    400.0, Partial:   470.15, Net: _12924_, Pin: _42868_/B, Layer: met2
Partial/Required:  1.18, Required:    400.0, Partial:   470.15, Net: _12924_, Pin: _41803_/B, Layer: met2
Partial/Required:  1.18, Required:    400.0, Partial:   470.15, Net: _12924_, Pin: _29390_/C, Layer: met2
Partial/Required:  1.17, Required:    400.0, Partial:   469.33, Net: _21760_, Pin: _44293_/B, Layer: met1
Partial/Required:  1.17, Required:    400.0, Partial:   466.16, Net: _20564_, Pin: _42165_/A1, Layer: met3
Partial/Required:  1.16, Required:    400.0, Partial:   464.89, Net: _17218_, Pin: _36343_/B, Layer: met1
Partial/Required:  1.16, Required:    400.0, Partial:   463.22, Net: _12723_, Pin: _29051_/A1, Layer: met1
Partial/Required:  1.16, Required:    400.0, Partial:   463.22, Net: _13529_, Pin: _30127_/A1, Layer: met1
Partial/Required:  1.16, Required:    400.0, Partial:   462.25, Net: _12043_, Pin: _28017_/A1, Layer: met3
Partial/Required:  1.15, Required:   2956.4, Partial:  3412.17, Net: _11806_, Pin: _27815_/B1, Layer: met5
Partial/Required:  1.15, Required:    400.0, Partial:   460.39, Net: _08302_, Pin: _24401_/A, Layer: met3
Partial/Required:  1.15, Required:    400.0, Partial:   460.39, Net: _08302_, Pin: _26996_/A, Layer: met3
Partial/Required:  1.15, Required:    400.0, Partial:    460.0, Net: _14571_, Pin: _41803_/A, Layer: met1
Partial/Required:  1.15, Required:    400.0, Partial:   459.14, Net: _23194_, Pin: _46618_/A1, Layer: met2
Partial/Required:  1.15, Required:    400.0, Partial:   459.14, Net: _23194_, Pin: _46663_/A1, Layer: met2
Partial/Required:  1.15, Required:    400.0, Partial:   458.54, Net: _15074_, Pin: _34408_/A, Layer: met3
Partial/Required:  1.15, Required:    400.0, Partial:   458.54, Net: _15074_, Pin: _34981_/A, Layer: met3
Partial/Required:  1.15, Required:    400.0, Partial:   458.54, Net: _15074_, Pin: _35551_/A, Layer: met3
Partial/Required:  1.15, Required:    400.0, Partial:   458.54, Net: _15074_, Pin: _33831_/A, Layer: met3
Partial/Required:  1.15, Required:    400.0, Partial:   458.54, Net: _15074_, Pin: _33253_/A, Layer: met3
Partial/Required:  1.14, Required:    400.0, Partial:   457.73, Net: _12079_, Pin: _28046_/A2, Layer: met1
Partial/Required:  1.14, Required:    400.0, Partial:    456.0, Net: _20092_, Pin: _44675_/B, Layer: met1
Partial/Required:  1.14, Required:    400.0, Partial:   455.49, Net: _18455_, Pin: _44365_/A, Layer: met3
Partial/Required:  1.14, Required:    400.0, Partial:   455.49, Net: _18455_, Pin: _41334_/A, Layer: met3
Partial/Required:  1.14, Required:    400.0, Partial:   455.49, Net: _18455_, Pin: _40760_/A, Layer: met3
Partial/Required:  1.14, Required:    400.0, Partial:   455.49, Net: _18455_, Pin: _40187_/A, Layer: met3
Partial/Required:  1.14, Required:    400.0, Partial:    454.4, Net: _11940_, Pin: _27892_/B1, Layer: met3
Partial/Required:  1.13, Required:    400.0, Partial:   453.11, Net: _20185_, Pin: _41484_/A1, Layer: met1
Partial/Required:  1.13, Required:    400.0, Partial:   452.89, Net: _16770_, Pin: _35570_/A1, Layer: met1
Partial/Required:  1.13, Required:    400.0, Partial:   452.89, Net: _16770_, Pin: _35630_/A1, Layer: met1
Partial/Required:  1.13, Required:    400.0, Partial:   452.22, Net: _12701_, Pin: _37726_/C, Layer: met1
Partial/Required:  1.13, Required:    400.0, Partial:   451.11, Net: _20193_, Pin: _44567_/B, Layer: met1
Partial/Required:  1.12, Required:    400.0, Partial:   449.36, Net: _12407_, Pin: _28363_/B1, Layer: met3
Partial/Required:  1.12, Required:    400.0, Partial:   448.57, Net: _18428_, Pin: _42074_/A, Layer: met1
Partial/Required:  1.12, Required:    400.0, Partial:   447.56, Net: _13463_, Pin: _30266_/A1, Layer: met1
Partial/Required:  1.12, Required:    400.0, Partial:   446.33, Net: _20266_, Pin: _42922_/C, Layer: met1
Partial/Required:  1.11, Required:    400.0, Partial:   443.68, Net: _12761_, Pin: _30125_/C, Layer: met3
Partial/Required:  1.11, Required:    400.0, Partial:   443.68, Net: _12761_, Pin: _47791_/B, Layer: met3
Partial/Required:  1.11, Required:    400.0, Partial:   443.22, Net: _17411_, Pin: _37104_/A1, Layer: met2
Partial/Required:  1.10, Required:    400.0, Partial:   440.39, Net: _14579_, Pin: _41982_/A1, Layer: met2
Partial/Required:  1.09, Required:    400.0, Partial:   436.95, Net: _21781_, Pin: _44340_/B, Layer: met3
Partial/Required:  1.09, Required:    400.0, Partial:   436.95, Net: _21781_, Pin: _44937_/B, Layer: met3
Partial/Required:  1.09, Required:    400.0, Partial:   436.95, Net: _21781_, Pin: _45561_/B, Layer: met3
Partial/Required:  1.09, Required:    400.0, Partial:   435.72, Net: _20560_, Pin: _42075_/A1, Layer: met2
Partial/Required:  1.08, Required:    400.0, Partial:   433.58, Net: _09451_, Pin: _25384_/A4, Layer: met3
Partial/Required:  1.08, Required:    400.0, Partial:   433.44, Net: _20573_, Pin: _42207_/A1, Layer: met2
Partial/Required:  1.08, Required:    400.0, Partial:   433.33, Net: _19513_, Pin: _40549_/A1, Layer: met1
Partial/Required:  1.08, Required:    400.0, Partial:   431.89, Net: _13021_, Pin: _29372_/C, Layer: met2
Partial/Required:  1.08, Required:    400.0, Partial:   431.11, Net: _21760_, Pin: _45525_/B, Layer: met3
Partial/Required:  1.08, Required:    400.0, Partial:   430.77, Net: _09796_, Pin: _25755_/A1, Layer: met3
Partial/Required:  1.08, Required:    400.0, Partial:   430.06, Net: _14577_, Pin: _41980_/A1, Layer: met2
Partial/Required:  1.07, Required:    400.0, Partial:   429.83, Net: _12761_, Pin: _30089_/C, Layer: met2
Partial/Required:  1.07, Required:    400.0, Partial:   429.83, Net: _12761_, Pin: _47710_/B, Layer: met2
Partial/Required:  1.07, Required:    400.0, Partial:   428.17, Net: _12991_, Pin: _46897_/B, Layer: met2
Partial/Required:  1.07, Required:    400.0, Partial:   428.17, Net: _12991_, Pin: _46861_/B, Layer: met2
Partial/Required:  1.07, Required:    400.0, Partial:   428.17, Net: _12991_, Pin: _29142_/C, Layer: met2
Partial/Required:  1.07, Required:    400.0, Partial:   427.56, Net: _16734_, Pin: _35519_/A1, Layer: met1
Partial/Required:  1.06, Required:    400.0, Partial:   425.57, Net: _08288_, Pin: _24266_/B1, Layer: met3
Partial/Required:  1.06, Required:    400.0, Partial:   425.44, Net: _21141_, Pin: _43781_/A1, Layer: met1
Partial/Required:  1.06, Required:    400.0, Partial:   423.72, Net: _14587_, Pin: _41990_/A1, Layer: met2
Partial/Required:  1.06, Required:    400.0, Partial:   423.67, Net: _22470_, Pin: _45733_/A1, Layer: met1
Partial/Required:  1.06, Required:   2956.4, Partial:  3127.69, Net: net72, Pin: output72/A, Layer: met4
Partial/Required:  1.06, Required:   2956.4, Partial:  3127.04, Net: net71, Pin: output71/A, Layer: met4
Partial/Required:  1.06, Required:   2956.4, Partial:  3122.16, Net: net73, Pin: output73/A, Layer: met4
Partial/Required:  1.05, Required:   2956.4, Partial:  3108.85, Net: _09107_, Pin: _25112_/B1, Layer: met5
Partial/Required:  1.05, Required:    400.0, Partial:   420.56, Net: _21365_, Pin: _43484_/B, Layer: met1
Partial/Required:  1.05, Required:    400.0, Partial:   420.11, Net: _20089_, Pin: _41801_/A1, Layer: met1
Partial/Required:  1.05, Required:    400.0, Partial:   419.81, Net: _13301_, Pin: _41803_/C, Layer: met2
Partial/Required:  1.05, Required:    400.0, Partial:   419.81, Net: _13301_, Pin: _32211_/C, Layer: met2
Partial/Required:  1.05, Required:    400.0, Partial:   418.72, Net: _09728_, Pin: _25663_/D1, Layer: met3
Partial/Required:  1.04, Required:    400.0, Partial:    417.4, Net: _12424_, Pin: _28394_/A2, Layer: met1
Partial/Required:  1.04, Required:   2956.4, Partial:  3082.75, Net: net74, Pin: output74/A, Layer: met4
Partial/Required:  1.04, Required:   2956.4, Partial:  3073.16, Net: _09371_, Pin: _25385_/B1, Layer: met5
Partial/Required:  1.04, Required:    400.0, Partial:   414.78, Net: _16732_, Pin: _35702_/A1, Layer: met1
Partial/Required:  1.04, Required:    400.0, Partial:   414.59, Net: _15115_, Pin: _33869_/A, Layer: met3
Partial/Required:  1.04, Required:    400.0, Partial:   414.59, Net: _15115_, Pin: _34447_/A, Layer: met3
Partial/Required:  1.04, Required:    400.0, Partial:   414.59, Net: _15115_, Pin: _33291_/A, Layer: met3
Partial/Required:  1.04, Required:    400.0, Partial:   414.59, Net: _15115_, Pin: _35589_/A, Layer: met3
Partial/Required:  1.04, Required:    400.0, Partial:   414.59, Net: _15115_, Pin: _36164_/A, Layer: met3
Partial/Required:  1.04, Required:    400.0, Partial:   414.59, Net: _15115_, Pin: _35019_/A, Layer: met3
Partial/Required:  1.02, Required:   2778.2, Partial:  2841.21, Net: _10761_, Pin: _26707_/A1, Layer: met5
Partial/Required:  1.02, Required:    400.0, Partial:   408.67, Net: _22526_, Pin: _46137_/A1, Layer: met1
Partial/Required:  1.02, Required:    400.0, Partial:   408.56, Net: _20795_, Pin: _42705_/A1, Layer: met1
Partial/Required:  1.01, Required:    400.0, Partial:   404.96, Net: _08326_, Pin: _24327_/A, Layer: met3
Partial/Required:  1.01, Required:    400.0, Partial:   404.44, Net: _19785_, Pin: _42551_/B, Layer: met3
Partial/Required:  1.01, Required:    400.0, Partial:   404.44, Net: _19785_, Pin: _42289_/B, Layer: met3
Partial/Required:  1.01, Required:    400.0, Partial:   404.44, Net: _19785_, Pin: _42379_/B, Layer: met3
Partial/Required:  1.01, Required:    400.0, Partial:   403.91, Net: _09849_, Pin: _25785_/D1, Layer: met4
Partial/Required:  1.01, Required:   2956.4, Partial:  2983.08, Net: net67, Pin: output67/A, Layer: met4
Partial/Required:  1.01, Required:    400.0, Partial:   402.67, Net: mem\[99\]\[7\], Pin: _42938_/A0, Layer: met1
Partial/Required:  1.01, Required:    400.0, Partial:   402.61, Net: _19785_, Pin: _42379_/B, Layer: met2
Partial/Required:  1.01, Required:    400.0, Partial:   402.56, Net: _20569_, Pin: _42087_/A1, Layer: met1
Partial/Required:  1.01, Required:    400.0, Partial:   402.48, Net: _12901_, Pin: _42343_/C, Layer: met3
Partial/Required:  1.01, Required:    400.0, Partial:   402.48, Net: _12901_, Pin: _42217_/C, Layer: met3
Partial/Required:  1.01, Required:    400.0, Partial:   402.02, Net: _08326_, Pin: _26370_/A, Layer: met3
Partial/Required:  1.01, Required:    400.0, Partial:   402.02, Net: _08326_, Pin: _24253_/A, Layer: met3
Partial/Required:  1.01, Required:    400.0, Partial:   402.02, Net: _08326_, Pin: _25853_/A, Layer: met3
Partial/Required:  1.01, Required:    400.0, Partial:   402.02, Net: _08326_, Pin: _24998_/A, Layer: met3
Partial/Required:  1.00, Required:    400.0, Partial:   401.46, Net: _15101_, Pin: _35575_/A, Layer: met2
Partial/Required:  1.00, Required:    400.0, Partial:   401.33, Net: _22096_, Pin: _44796_/A1, Layer: met1
Partial/Required:  1.00, Required:    400.0, Partial:   400.78, Net: _21428_, Pin: _43758_/A1, Layer: met1
Partial/Required:  1.00, Required:   2956.4, Partial:  2961.59, Net: net45, Pin: output45/A, Layer: met4
Partial/Required:  1.00, Required:    400.0, Partial:   400.67, Net: _13021_, Pin: _44846_/B, Layer: met2
