
===========================================================================
report_checks -unconstrained
===========================================================================
======================= Fastest Corner ===================================

Startpoint: _1572_ (rising edge-triggered flip-flop clocked by core_clk)
Endpoint: _1641_ (rising edge-triggered flip-flop clocked by core_clk)
Path Group: core_clk
Path Type: max
Corner: Fastest

Fanout     Cap    Slew   Delay    Time   Description
-----------------------------------------------------------------------------
                  0.00    0.00    0.00   clock core_clk (rise edge)
                          0.00    0.00   clock network delay (ideal)
                  0.00    0.00    0.00 ^ _1572_/CLK (sky130_fd_sc_hd__dfxtp_2)
    12    0.04    0.17    0.28    0.28 ^ _1572_/Q (sky130_fd_sc_hd__dfxtp_2)
                                         net106 (net)
                  0.17    0.00    0.29 ^ _0797_/A (sky130_fd_sc_hd__inv_2)
     4    0.01    0.05    0.04    0.33 v _0797_/Y (sky130_fd_sc_hd__inv_2)
                                         _0222_ (net)
                  0.05    0.00    0.33 v _0798_/A (sky130_fd_sc_hd__and2_1)
     2    0.01    0.04    0.10    0.43 v _0798_/X (sky130_fd_sc_hd__and2_1)
                                         _0223_ (net)
                  0.04    0.00    0.43 v _0800_/C1 (sky130_fd_sc_hd__a2111o_1)
     2    0.01    0.05    0.17    0.60 v _0800_/X (sky130_fd_sc_hd__a2111o_1)
                                         _0225_ (net)
                  0.05    0.00    0.60 v _0860_/A (sky130_fd_sc_hd__or3b_1)
     2    0.01    0.05    0.23    0.83 v _0860_/X (sky130_fd_sc_hd__or3b_1)
                                         _0285_ (net)
                  0.05    0.00    0.83 v _0874_/A (sky130_fd_sc_hd__or4b_1)
     2    0.01    0.08    0.33    1.16 v _0874_/X (sky130_fd_sc_hd__or4b_1)
                                         _0299_ (net)
                  0.08    0.00    1.16 v _0899_/A (sky130_fd_sc_hd__or3_1)
     2    0.01    0.07    0.26    1.42 v _0899_/X (sky130_fd_sc_hd__or3_1)
                                         _0324_ (net)
                  0.07    0.00    1.42 v _0920_/C (sky130_fd_sc_hd__nor3_1)
     1    0.01    0.28    0.23    1.66 ^ _0920_/Y (sky130_fd_sc_hd__nor3_1)
                                         _0345_ (net)
                  0.28    0.00    1.66 ^ _0921_/B1 (sky130_fd_sc_hd__a31o_1)
     4    0.02    0.14    0.14    1.79 ^ _0921_/X (sky130_fd_sc_hd__a31o_1)
                                         _0346_ (net)
                  0.14    0.00    1.79 ^ _1351_/A (sky130_fd_sc_hd__or2_1)
     1    0.00    0.03    0.08    1.87 ^ _1351_/X (sky130_fd_sc_hd__or2_1)
                                         _0701_ (net)
                  0.03    0.00    1.87 ^ _1352_/A (sky130_fd_sc_hd__clkbuf_4)
    18    0.06    0.14    0.17    2.04 ^ _1352_/X (sky130_fd_sc_hd__clkbuf_4)
                                         _0702_ (net)
                  0.14    0.00    2.04 ^ _1394_/B1 (sky130_fd_sc_hd__o211a_2)
    10    0.04    0.18    0.21    2.25 ^ _1394_/X (sky130_fd_sc_hd__o211a_2)
                                         _0728_ (net)
                  0.18    0.01    2.25 ^ _1403_/A (sky130_fd_sc_hd__clkbuf_4)
    20    0.06    0.15    0.21    2.46 ^ _1403_/X (sky130_fd_sc_hd__clkbuf_4)
                                         _0735_ (net)
                  0.15    0.00    2.46 ^ _1405_/B (sky130_fd_sc_hd__and3b_1)
     1    0.00    0.04    0.11    2.57 ^ _1405_/X (sky130_fd_sc_hd__and3b_1)
                                         _0737_ (net)
                  0.04    0.00    2.57 ^ _1406_/A (sky130_fd_sc_hd__clkbuf_1)
     1    0.00    0.03    0.05    2.63 ^ _1406_/X (sky130_fd_sc_hd__clkbuf_1)
                                         _0093_ (net)
                  0.03    0.00    2.63 ^ _1641_/D (sky130_fd_sc_hd__dfxtp_2)
                                  2.63   data arrival time

                  0.00 1100.00 1100.00   clock core_clk (rise edge)
                          0.00 1100.00   clock network delay (ideal)
                          0.00 1100.00   clock reconvergence pessimism
                               1100.00 ^ _1641_/CLK (sky130_fd_sc_hd__dfxtp_2)
                         -0.03 1099.97   library setup time
                               1099.97   data required time
-----------------------------------------------------------------------------
                               1099.97   data required time
                                 -2.63   data arrival time
-----------------------------------------------------------------------------
                               1097.34   slack (MET)



======================= Slowest Corner ===================================

Startpoint: _1572_ (rising edge-triggered flip-flop clocked by core_clk)
Endpoint: _1641_ (rising edge-triggered flip-flop clocked by core_clk)
Path Group: core_clk
Path Type: max
Corner: Slowest

Fanout     Cap    Slew   Delay    Time   Description
-----------------------------------------------------------------------------
                  0.00    0.00    0.00   clock core_clk (rise edge)
                          0.00    0.00   clock network delay (ideal)
                  0.00    0.00    0.00 ^ _1572_/CLK (sky130_fd_sc_hd__dfxtp_2)
    12    0.04    0.36    0.84    0.84 ^ _1572_/Q (sky130_fd_sc_hd__dfxtp_2)
                                         net106 (net)
                  0.36    0.00    0.84 ^ _0797_/A (sky130_fd_sc_hd__inv_2)
     4    0.01    0.11    0.19    1.03 v _0797_/Y (sky130_fd_sc_hd__inv_2)
                                         _0222_ (net)
                  0.11    0.00    1.03 v _0798_/A (sky130_fd_sc_hd__and2_1)
     2    0.01    0.10    0.33    1.36 v _0798_/X (sky130_fd_sc_hd__and2_1)
                                         _0223_ (net)
                  0.10    0.00    1.36 v _0800_/C1 (sky130_fd_sc_hd__a2111o_1)
     2    0.01    0.13    0.71    2.07 v _0800_/X (sky130_fd_sc_hd__a2111o_1)
                                         _0225_ (net)
                  0.13    0.00    2.07 v _0860_/A (sky130_fd_sc_hd__or3b_1)
     2    0.01    0.17    0.92    2.99 v _0860_/X (sky130_fd_sc_hd__or3b_1)
                                         _0285_ (net)
                  0.17    0.00    2.99 v _0874_/A (sky130_fd_sc_hd__or4b_1)
     2    0.01    0.25    1.35    4.34 v _0874_/X (sky130_fd_sc_hd__or4b_1)
                                         _0299_ (net)
                  0.25    0.00    4.34 v _0899_/A (sky130_fd_sc_hd__or3_1)
     2    0.01    0.22    1.02    5.36 v _0899_/X (sky130_fd_sc_hd__or3_1)
                                         _0324_ (net)
                  0.22    0.00    5.36 v _0920_/C (sky130_fd_sc_hd__nor3_1)
     1    0.01    0.69    0.61    5.98 ^ _0920_/Y (sky130_fd_sc_hd__nor3_1)
                                         _0345_ (net)
                  0.69    0.00    5.98 ^ _0921_/B1 (sky130_fd_sc_hd__a31o_1)
     4    0.02    0.31    0.54    6.52 ^ _0921_/X (sky130_fd_sc_hd__a31o_1)
                                         _0346_ (net)
                  0.31    0.00    6.53 ^ _1351_/A (sky130_fd_sc_hd__or2_1)
     1    0.00    0.06    0.26    6.78 ^ _1351_/X (sky130_fd_sc_hd__or2_1)
                                         _0701_ (net)
                  0.06    0.00    6.78 ^ _1352_/A (sky130_fd_sc_hd__clkbuf_4)
    18    0.06    0.30    0.41    7.19 ^ _1352_/X (sky130_fd_sc_hd__clkbuf_4)
                                         _0702_ (net)
                  0.30    0.00    7.19 ^ _1394_/B1 (sky130_fd_sc_hd__o211a_2)
    10    0.04    0.39    0.71    7.90 ^ _1394_/X (sky130_fd_sc_hd__o211a_2)
                                         _0728_ (net)
                  0.39    0.01    7.91 ^ _1403_/A (sky130_fd_sc_hd__clkbuf_4)
    20    0.07    0.32    0.57    8.48 ^ _1403_/X (sky130_fd_sc_hd__clkbuf_4)
                                         _0735_ (net)
                  0.32    0.00    8.48 ^ _1405_/B (sky130_fd_sc_hd__and3b_1)
     1    0.00    0.09    0.38    8.86 ^ _1405_/X (sky130_fd_sc_hd__and3b_1)
                                         _0737_ (net)
                  0.09    0.00    8.86 ^ _1406_/A (sky130_fd_sc_hd__clkbuf_1)
     1    0.00    0.07    0.16    9.02 ^ _1406_/X (sky130_fd_sc_hd__clkbuf_1)
                                         _0093_ (net)
                  0.07    0.00    9.02 ^ _1641_/D (sky130_fd_sc_hd__dfxtp_2)
                                  9.02   data arrival time

                  0.00 1100.00 1100.00   clock core_clk (rise edge)
                          0.00 1100.00   clock network delay (ideal)
                          0.00 1100.00   clock reconvergence pessimism
                               1100.00 ^ _1641_/CLK (sky130_fd_sc_hd__dfxtp_2)
                         -0.15 1099.85   library setup time
                               1099.85   data required time
-----------------------------------------------------------------------------
                               1099.85   data required time
                                 -9.02   data arrival time
-----------------------------------------------------------------------------
                               1090.82   slack (MET)



======================= Typical Corner ===================================

Startpoint: _1572_ (rising edge-triggered flip-flop clocked by core_clk)
Endpoint: _1641_ (rising edge-triggered flip-flop clocked by core_clk)
Path Group: core_clk
Path Type: max
Corner: Typical

Fanout     Cap    Slew   Delay    Time   Description
-----------------------------------------------------------------------------
                  0.00    0.00    0.00   clock core_clk (rise edge)
                          0.00    0.00   clock network delay (ideal)
                  0.00    0.00    0.00 ^ _1572_/CLK (sky130_fd_sc_hd__dfxtp_2)
    12    0.04    0.22    0.43    0.43 ^ _1572_/Q (sky130_fd_sc_hd__dfxtp_2)
                                         net106 (net)
                  0.22    0.00    0.44 ^ _0797_/A (sky130_fd_sc_hd__inv_2)
     4    0.01    0.07    0.08    0.52 v _0797_/Y (sky130_fd_sc_hd__inv_2)
                                         _0222_ (net)
                  0.07    0.00    0.52 v _0798_/A (sky130_fd_sc_hd__and2_1)
     2    0.01    0.05    0.16    0.68 v _0798_/X (sky130_fd_sc_hd__and2_1)
                                         _0223_ (net)
                  0.05    0.00    0.68 v _0800_/C1 (sky130_fd_sc_hd__a2111o_1)
     2    0.01    0.07    0.36    1.04 v _0800_/X (sky130_fd_sc_hd__a2111o_1)
                                         _0225_ (net)
                  0.07    0.00    1.04 v _0860_/A (sky130_fd_sc_hd__or3b_1)
     2    0.01    0.08    0.40    1.43 v _0860_/X (sky130_fd_sc_hd__or3b_1)
                                         _0285_ (net)
                  0.08    0.00    1.43 v _0874_/A (sky130_fd_sc_hd__or4b_1)
     2    0.01    0.12    0.58    2.01 v _0874_/X (sky130_fd_sc_hd__or4b_1)
                                         _0299_ (net)
                  0.12    0.00    2.01 v _0899_/A (sky130_fd_sc_hd__or3_1)
     2    0.01    0.11    0.45    2.46 v _0899_/X (sky130_fd_sc_hd__or3_1)
                                         _0324_ (net)
                  0.11    0.00    2.46 v _0920_/C (sky130_fd_sc_hd__nor3_1)
     1    0.01    0.40    0.34    2.80 ^ _0920_/Y (sky130_fd_sc_hd__nor3_1)
                                         _0345_ (net)
                  0.40    0.00    2.80 ^ _0921_/B1 (sky130_fd_sc_hd__a31o_1)
     4    0.02    0.19    0.26    3.06 ^ _0921_/X (sky130_fd_sc_hd__a31o_1)
                                         _0346_ (net)
                  0.19    0.00    3.06 ^ _1351_/A (sky130_fd_sc_hd__or2_1)
     1    0.00    0.04    0.13    3.19 ^ _1351_/X (sky130_fd_sc_hd__or2_1)
                                         _0701_ (net)
                  0.04    0.00    3.19 ^ _1352_/A (sky130_fd_sc_hd__clkbuf_4)
    18    0.06    0.19    0.24    3.43 ^ _1352_/X (sky130_fd_sc_hd__clkbuf_4)
                                         _0702_ (net)
                  0.19    0.00    3.43 ^ _1394_/B1 (sky130_fd_sc_hd__o211a_2)
    10    0.04    0.24    0.36    3.79 ^ _1394_/X (sky130_fd_sc_hd__o211a_2)
                                         _0728_ (net)
                  0.24    0.01    3.79 ^ _1403_/A (sky130_fd_sc_hd__clkbuf_4)
    20    0.06    0.20    0.31    4.11 ^ _1403_/X (sky130_fd_sc_hd__clkbuf_4)
                                         _0735_ (net)
                  0.20    0.00    4.11 ^ _1405_/B (sky130_fd_sc_hd__and3b_1)
     1    0.00    0.05    0.18    4.29 ^ _1405_/X (sky130_fd_sc_hd__and3b_1)
                                         _0737_ (net)
                  0.05    0.00    4.29 ^ _1406_/A (sky130_fd_sc_hd__clkbuf_1)
     1    0.00    0.04    0.08    4.38 ^ _1406_/X (sky130_fd_sc_hd__clkbuf_1)
                                         _0093_ (net)
                  0.04    0.00    4.38 ^ _1641_/D (sky130_fd_sc_hd__dfxtp_2)
                                  4.38   data arrival time

                  0.00 1100.00 1100.00   clock core_clk (rise edge)
                          0.00 1100.00   clock network delay (ideal)
                          0.00 1100.00   clock reconvergence pessimism
                               1100.00 ^ _1641_/CLK (sky130_fd_sc_hd__dfxtp_2)
                         -0.07 1099.93   library setup time
                               1099.93   data required time
-----------------------------------------------------------------------------
                               1099.93   data required time
                                 -4.38   data arrival time
-----------------------------------------------------------------------------
                               1095.56   slack (MET)




===========================================================================
report_checks --slack_max -0.01
============================================================================
======================= Fastest Corner ===================================

No paths found.

======================= Slowest Corner ===================================

No paths found.

======================= Typical Corner ===================================

No paths found.


===========================================================================
 report_check_types -max_slew -max_cap -max_fanout -violators
============================================================================
======================= Fastest Corner ===================================


max slew violations count Fastest: 0
max fanout violations count Fastest: 0
max cap violations count Fastest: 0
======================= Slowest Corner ===================================


max slew violations count Slowest: 0
max fanout violations count Slowest: 0
max cap violations count Slowest: 0
======================= Typical Corner ===================================


max slew violations count Typical: 0
max fanout violations count Typical: 0
max cap violations count Typical: 0

===========================================================================
report_parasitic_annotation -report_unannotated
============================================================================
Found 24 unannotated drivers.
 reg_dat_di[10]
 reg_dat_di[11]
 reg_dat_di[12]
 reg_dat_di[13]
 reg_dat_di[14]
 reg_dat_di[15]
 reg_dat_di[16]
 reg_dat_di[17]
 reg_dat_di[18]
 reg_dat_di[19]
 reg_dat_di[20]
 reg_dat_di[21]
 reg_dat_di[22]
 reg_dat_di[23]
 reg_dat_di[24]
 reg_dat_di[25]
 reg_dat_di[26]
 reg_dat_di[27]
 reg_dat_di[28]
 reg_dat_di[29]
 reg_dat_di[30]
 reg_dat_di[31]
 reg_dat_di[8]
 reg_dat_di[9]
Found 0 partially unannotated drivers.

===========================================================================
max slew violation count 0
max fanout violation count 0
max cap violation count 0
============================================================================

===========================================================================
check_setup -verbose -unconstrained_endpoints -multiple_clock -no_clock -no_input_delay -loops -generated_clocks
===========================================================================
Warning: There are 72 input ports missing set_input_delay.
  reg_dat_di[0]
  reg_dat_di[10]
  reg_dat_di[11]
  reg_dat_di[12]
  reg_dat_di[13]
  reg_dat_di[14]
  reg_dat_di[15]
  reg_dat_di[16]
  reg_dat_di[17]
  reg_dat_di[18]
  reg_dat_di[19]
  reg_dat_di[1]
  reg_dat_di[20]
  reg_dat_di[21]
  reg_dat_di[22]
  reg_dat_di[23]
  reg_dat_di[24]
  reg_dat_di[25]
  reg_dat_di[26]
  reg_dat_di[27]
  reg_dat_di[28]
  reg_dat_di[29]
  reg_dat_di[2]
  reg_dat_di[30]
  reg_dat_di[31]
  reg_dat_di[3]
  reg_dat_di[4]
  reg_dat_di[5]
  reg_dat_di[6]
  reg_dat_di[7]
  reg_dat_di[8]
  reg_dat_di[9]
  reg_dat_re
  reg_dat_we
  reg_div_di[0]
  reg_div_di[10]
  reg_div_di[11]
  reg_div_di[12]
  reg_div_di[13]
  reg_div_di[14]
  reg_div_di[15]
  reg_div_di[16]
  reg_div_di[17]
  reg_div_di[18]
  reg_div_di[19]
  reg_div_di[1]
  reg_div_di[20]
  reg_div_di[21]
  reg_div_di[22]
  reg_div_di[23]
  reg_div_di[24]
  reg_div_di[25]
  reg_div_di[26]
  reg_div_di[27]
  reg_div_di[28]
  reg_div_di[29]
  reg_div_di[2]
  reg_div_di[30]
  reg_div_di[31]
  reg_div_di[3]
  reg_div_di[4]
  reg_div_di[5]
  reg_div_di[6]
  reg_div_di[7]
  reg_div_di[8]
  reg_div_di[9]
  reg_div_we[0]
  reg_div_we[1]
  reg_div_we[2]
  reg_div_we[3]
  resetn
  ser_rx
Warning: There are 66 unconstrained endpoints.
  reg_dat_do[0]
  reg_dat_do[10]
  reg_dat_do[11]
  reg_dat_do[12]
  reg_dat_do[13]
  reg_dat_do[14]
  reg_dat_do[15]
  reg_dat_do[16]
  reg_dat_do[17]
  reg_dat_do[18]
  reg_dat_do[19]
  reg_dat_do[1]
  reg_dat_do[20]
  reg_dat_do[21]
  reg_dat_do[22]
  reg_dat_do[23]
  reg_dat_do[24]
  reg_dat_do[25]
  reg_dat_do[26]
  reg_dat_do[27]
  reg_dat_do[28]
  reg_dat_do[29]
  reg_dat_do[2]
  reg_dat_do[30]
  reg_dat_do[31]
  reg_dat_do[3]
  reg_dat_do[4]
  reg_dat_do[5]
  reg_dat_do[6]
  reg_dat_do[7]
  reg_dat_do[8]
  reg_dat_do[9]
  reg_dat_wait
  reg_div_do[0]
  reg_div_do[10]
  reg_div_do[11]
  reg_div_do[12]
  reg_div_do[13]
  reg_div_do[14]
  reg_div_do[15]
  reg_div_do[16]
  reg_div_do[17]
  reg_div_do[18]
  reg_div_do[19]
  reg_div_do[1]
  reg_div_do[20]
  reg_div_do[21]
  reg_div_do[22]
  reg_div_do[23]
  reg_div_do[24]
  reg_div_do[25]
  reg_div_do[26]
  reg_div_do[27]
  reg_div_do[28]
  reg_div_do[29]
  reg_div_do[2]
  reg_div_do[30]
  reg_div_do[31]
  reg_div_do[3]
  reg_div_do[4]
  reg_div_do[5]
  reg_div_do[6]
  reg_div_do[7]
  reg_div_do[8]
  reg_div_do[9]
  ser_tx
