
===========================================================================
 report_power
============================================================================
======================= Fastest Corner ===================================

Group                  Internal  Switching    Leakage      Total
                          Power      Power      Power      Power (Watts)
----------------------------------------------------------------
Sequential             6.12e-06   8.13e-07   2.25e-09   6.94e-06  42.8%
Combinational          1.78e-06   2.82e-06   3.63e-09   4.60e-06  28.4%
Clock                  1.73e-06   2.93e-06   1.08e-08   4.67e-06  28.8%
Macro                  0.00e+00   0.00e+00   0.00e+00   0.00e+00   0.0%
Pad                    0.00e+00   0.00e+00   0.00e+00   0.00e+00   0.0%
----------------------------------------------------------------
Total                  9.63e-06   6.56e-06   1.67e-08   1.62e-05 100.0%
                          59.4%      40.5%       0.1%

======================= Slowest Corner ===================================

Group                  Internal  Switching    Leakage      Total
                          Power      Power      Power      Power (Watts)
----------------------------------------------------------------
Sequential             4.27e-06   5.44e-07   1.87e-06   6.69e-06  38.9%
Combinational          1.34e-06   1.88e-06   3.90e-06   7.12e-06  41.4%
Clock                  1.22e-06   1.96e-06   2.02e-07   3.38e-06  19.7%
Macro                  0.00e+00   0.00e+00   0.00e+00   0.00e+00   0.0%
Pad                    0.00e+00   0.00e+00   0.00e+00   0.00e+00   0.0%
----------------------------------------------------------------
Total                  6.84e-06   4.38e-06   5.97e-06   1.72e-05 100.0%
                          39.8%      25.5%      34.7%

======================= Typical Corner ===================================

Group                  Internal  Switching    Leakage      Total
                          Power      Power      Power      Power (Watts)
----------------------------------------------------------------
Sequential             5.30e-06   6.90e-07   1.09e-09   6.00e-06  42.7%
Combinational          1.63e-06   2.39e-06   2.76e-09   4.02e-06  28.7%
Clock                  1.51e-06   2.50e-06   1.04e-08   4.02e-06  28.6%
Macro                  0.00e+00   0.00e+00   0.00e+00   0.00e+00   0.0%
Pad                    0.00e+00   0.00e+00   0.00e+00   0.00e+00   0.0%
----------------------------------------------------------------
Total                  8.45e-06   5.57e-06   1.43e-08   1.40e-05 100.0%
                          60.2%      39.7%       0.1%

