
===========================================================================
 report_power
============================================================================
======================= Fastest Corner ===================================

Group                  Internal  Switching    Leakage      Total
                          Power      Power      Power      Power (Watts)
----------------------------------------------------------------
Sequential             3.52e-04   1.66e-07   1.19e-07   3.53e-04  71.0%
Combinational          3.96e-06   1.59e-07   1.64e-07   4.28e-06   0.9%
Clock                  2.66e-05   1.13e-04   6.46e-08   1.40e-04  28.1%
Macro                  0.00e+00   0.00e+00   0.00e+00   0.00e+00   0.0%
Pad                    0.00e+00   0.00e+00   0.00e+00   0.00e+00   0.0%
----------------------------------------------------------------
Total                  3.83e-04   1.13e-04   3.47e-07   4.96e-04 100.0%
                          77.1%      22.8%       0.1%

======================= Slowest Corner ===================================

Group                  Internal  Switching    Leakage      Total
                          Power      Power      Power      Power (Watts)
----------------------------------------------------------------
Sequential             2.45e-04   1.07e-07   1.12e-04   3.57e-04  58.1%
Combinational          2.40e-06   1.01e-07   1.59e-04   1.62e-04  26.4%
Clock                  1.96e-05   7.17e-05   4.40e-06   9.57e-05  15.6%
Macro                  0.00e+00   0.00e+00   0.00e+00   0.00e+00   0.0%
Pad                    0.00e+00   0.00e+00   0.00e+00   0.00e+00   0.0%
----------------------------------------------------------------
Total                  2.67e-04   7.19e-05   2.75e-04   6.15e-04 100.0%
                          43.5%      11.7%      44.8%

======================= Typical Corner ===================================

Group                  Internal  Switching    Leakage      Total
                          Power      Power      Power      Power (Watts)
----------------------------------------------------------------
Sequential             3.05e-04   1.38e-07   6.62e-08   3.05e-04  71.4%
Combinational          3.34e-06   1.31e-07   1.20e-07   3.59e-06   0.8%
Clock                  2.38e-05   9.46e-05   5.92e-08   1.19e-04  27.8%
Macro                  0.00e+00   0.00e+00   0.00e+00   0.00e+00   0.0%
Pad                    0.00e+00   0.00e+00   0.00e+00   0.00e+00   0.0%
----------------------------------------------------------------
Total                  3.32e-04   9.49e-05   2.45e-07   4.27e-04 100.0%
                          77.7%      22.2%       0.1%

