
===========================================================================
report_checks -unconstrained
===========================================================================
======================= Fastest Corner ===================================

Startpoint: _52961_ (rising edge-triggered flip-flop clocked by core_clk)
Endpoint: _49657_ (rising edge-triggered flip-flop clocked by core_clk)
Path Group: core_clk
Path Type: max
Corner: Fastest

Fanout     Cap    Slew   Delay    Time   Description
-----------------------------------------------------------------------------
                  0.00    0.00    0.00   clock core_clk (rise edge)
                          0.00    0.00   clock network delay (ideal)
                  0.00    0.00    0.00 ^ _52961_/CLK (sky130_fd_sc_hd__dfxtp_1)
     2    0.01    0.03    0.19    0.19 v _52961_/Q (sky130_fd_sc_hd__dfxtp_1)
                                         mem[12][23] (net)
                  0.03    0.00    0.19 v _27656_/A0 (sky130_fd_sc_hd__mux4_2)
     2    0.05    0.15    0.37    0.56 v _27656_/X (sky130_fd_sc_hd__mux4_2)
                                         _11707_ (net)
                  0.15    0.01    0.56 v _27657_/B1 (sky130_fd_sc_hd__a22o_2)
     1    0.08    0.15    0.25    0.81 v _27657_/X (sky130_fd_sc_hd__a22o_2)
                                         _11708_ (net)
                  0.15    0.01    0.82 v _27661_/A1 (sky130_fd_sc_hd__o21a_1)
     1    0.02    0.07    0.20    1.02 v _27661_/X (sky130_fd_sc_hd__o21a_1)
                                         _11712_ (net)
                  0.07    0.00    1.02 v _27669_/A3 (sky130_fd_sc_hd__o41a_4)
     1    0.10    0.13    0.37    1.39 v _27669_/X (sky130_fd_sc_hd__o41a_4)
                                         _11720_ (net)
                  0.14    0.02    1.41 v _27699_/C1 (sky130_fd_sc_hd__a2111o_1)
     1    0.00    0.04    0.19    1.60 v _27699_/X (sky130_fd_sc_hd__a2111o_1)
                                         _00015_ (net)
                  0.04    0.00    1.60 v _49657_/D (sky130_fd_sc_hd__dfxtp_2)
                                  1.60   data arrival time

                  0.00 1100.00 1100.00   clock core_clk (rise edge)
                          0.00 1100.00   clock network delay (ideal)
                          0.00 1100.00   clock reconvergence pessimism
                               1100.00 ^ _49657_/CLK (sky130_fd_sc_hd__dfxtp_2)
                         -0.08 1099.92   library setup time
                               1099.92   data required time
-----------------------------------------------------------------------------
                               1099.92   data required time
                                 -1.60   data arrival time
-----------------------------------------------------------------------------
                               1098.33   slack (MET)



======================= Slowest Corner ===================================

Startpoint: _53788_ (rising edge-triggered flip-flop clocked by core_clk)
Endpoint: _49652_ (rising edge-triggered flip-flop clocked by core_clk)
Path Group: core_clk
Path Type: max
Corner: Slowest

Fanout     Cap    Slew   Delay    Time   Description
-----------------------------------------------------------------------------
                  0.00    0.00    0.00   clock core_clk (rise edge)
                          0.00    0.00   clock network delay (ideal)
                  0.00    0.00    0.00 ^ _53788_/CLK (sky130_fd_sc_hd__dfxtp_1)
     2    0.04    0.32    0.76    0.76 v _53788_/Q (sky130_fd_sc_hd__dfxtp_1)
                                         mem[182][18] (net)
                  0.32    0.00    0.76 v _26898_/A2 (sky130_fd_sc_hd__mux4_1)
     1    0.01    0.24    1.32    2.08 v _26898_/X (sky130_fd_sc_hd__mux4_1)
                                         _10954_ (net)
                  0.24    0.00    2.08 v _26899_/B1 (sky130_fd_sc_hd__a22o_1)
     1    0.01    0.10    0.42    2.50 v _26899_/X (sky130_fd_sc_hd__a22o_1)
                                         _10955_ (net)
                  0.10    0.00    2.50 v _26900_/A2 (sky130_fd_sc_hd__o21a_1)
     1    0.04    0.40    0.61    3.11 v _26900_/X (sky130_fd_sc_hd__o21a_1)
                                         _10956_ (net)
                  0.40    0.00    3.11 v _26915_/B1 (sky130_fd_sc_hd__a2111o_2)
     1    0.06    0.38    1.29    4.40 v _26915_/X (sky130_fd_sc_hd__a2111o_2)
                                         _10971_ (net)
                  0.38    0.00    4.40 v _27035_/A2 (sky130_fd_sc_hd__a2111o_1)
     1    0.00    0.11    0.89    5.29 v _27035_/X (sky130_fd_sc_hd__a2111o_1)
                                         _00009_ (net)
                  0.11    0.00    5.29 v _49652_/D (sky130_fd_sc_hd__dfxtp_4)
                                  5.29   data arrival time

                  0.00 1100.00 1100.00   clock core_clk (rise edge)
                          0.00 1100.00   clock network delay (ideal)
                          0.00 1100.00   clock reconvergence pessimism
                               1100.00 ^ _49652_/CLK (sky130_fd_sc_hd__dfxtp_4)
                         -0.31 1099.69   library setup time
                               1099.69   data required time
-----------------------------------------------------------------------------
                               1099.69   data required time
                                 -5.29   data arrival time
-----------------------------------------------------------------------------
                               1094.40   slack (MET)



======================= Typical Corner ===================================

Startpoint: _56328_ (rising edge-triggered flip-flop clocked by core_clk)
Endpoint: _49640_ (rising edge-triggered flip-flop clocked by core_clk)
Path Group: core_clk
Path Type: max
Corner: Typical

Fanout     Cap    Slew   Delay    Time   Description
-----------------------------------------------------------------------------
                  0.00    0.00    0.00   clock core_clk (rise edge)
                          0.00    0.00   clock network delay (ideal)
                  0.00    0.00    0.00 ^ _56328_/CLK (sky130_fd_sc_hd__dfxtp_1)
     2    0.01    0.04    0.29    0.29 v _56328_/Q (sky130_fd_sc_hd__dfxtp_1)
                                         mem[15][6] (net)
                  0.04    0.00    0.29 v _25329_/A3 (sky130_fd_sc_hd__mux4_2)
     1    0.11    0.31    0.75    1.04 v _25329_/X (sky130_fd_sc_hd__mux4_2)
                                         _09397_ (net)
                  0.31    0.01    1.05 v _25331_/B1 (sky130_fd_sc_hd__a22o_1)
     1    0.04    0.18    0.41    1.45 v _25331_/X (sky130_fd_sc_hd__a22o_1)
                                         _09399_ (net)
                  0.18    0.00    1.46 v _25335_/A1 (sky130_fd_sc_hd__o21a_1)
     1    0.01    0.06    0.25    1.71 v _25335_/X (sky130_fd_sc_hd__o21a_1)
                                         _09403_ (net)
                  0.06    0.00    1.71 v _25345_/A3 (sky130_fd_sc_hd__o41a_2)
     1    0.04    0.15    0.56    2.26 v _25345_/X (sky130_fd_sc_hd__o41a_2)
                                         _09413_ (net)
                  0.15    0.00    2.27 v _25385_/C1 (sky130_fd_sc_hd__a2111o_1)
     1    0.00    0.07    0.38    2.65 v _25385_/X (sky130_fd_sc_hd__a2111o_1)
                                         _00028_ (net)
                  0.07    0.00    2.65 v _49640_/D (sky130_fd_sc_hd__dfxtp_4)
                                  2.65   data arrival time

                  0.00 1100.00 1100.00   clock core_clk (rise edge)
                          0.00 1100.00   clock network delay (ideal)
                          0.00 1100.00   clock reconvergence pessimism
                               1100.00 ^ _49640_/CLK (sky130_fd_sc_hd__dfxtp_4)
                         -0.13 1099.87   library setup time
                               1099.87   data required time
-----------------------------------------------------------------------------
                               1099.87   data required time
                                 -2.65   data arrival time
-----------------------------------------------------------------------------
                               1097.22   slack (MET)




===========================================================================
report_checks --slack_max -0.01
============================================================================
======================= Fastest Corner ===================================

No paths found.

======================= Slowest Corner ===================================

No paths found.

======================= Typical Corner ===================================

No paths found.


===========================================================================
 report_check_types -max_slew -max_cap -max_fanout -violators
============================================================================
======================= Fastest Corner ===================================


max slew violations count Fastest: 0
max fanout violations count Fastest: 0
max cap violations count Fastest: 0
======================= Slowest Corner ===================================

max slew

Pin                                    Limit    Slew   Slack
------------------------------------------------------------
_29019_/Y                               1.50    2.14   -0.65 (VIOLATED)
_34029_/A                               1.50    2.14   -0.64 (VIOLATED)
_47494_/C                               1.50    2.14   -0.64 (VIOLATED)
_47530_/C                               1.50    2.14   -0.64 (VIOLATED)
_47566_/C                               1.50    2.14   -0.64 (VIOLATED)
ANTENNA_730/DIODE                       1.50    2.14   -0.64 (VIOLATED)
_48062_/C                               1.50    2.14   -0.64 (VIOLATED)
_35730_/A                               1.50    2.07   -0.57 (VIOLATED)
_37971_/A                               1.50    2.07   -0.57 (VIOLATED)
_28999_/A                               1.50    2.07   -0.57 (VIOLATED)
_30143_/A                               1.50    2.07   -0.57 (VIOLATED)
_24262_/Y                               1.50    2.07   -0.57 (VIOLATED)
_28800_/Y                               1.50    1.98   -0.48 (VIOLATED)
ANTENNA_144/DIODE                       1.50    1.98   -0.48 (VIOLATED)
ANTENNA_146/DIODE                       1.50    1.98   -0.48 (VIOLATED)
ANTENNA_147/DIODE                       1.50    1.98   -0.48 (VIOLATED)
ANTENNA_149/DIODE                       1.50    1.98   -0.48 (VIOLATED)
ANTENNA_140/DIODE                       1.50    1.98   -0.48 (VIOLATED)
ANTENNA_142/DIODE                       1.50    1.98   -0.48 (VIOLATED)
_31296_/C                               1.50    1.98   -0.48 (VIOLATED)
ANTENNA_141/DIODE                       1.50    1.98   -0.48 (VIOLATED)
ANTENNA_143/DIODE                       1.50    1.98   -0.48 (VIOLATED)
ANTENNA_145/DIODE                       1.50    1.98   -0.48 (VIOLATED)
ANTENNA_148/DIODE                       1.50    1.98   -0.48 (VIOLATED)
ANTENNA_150/DIODE                       1.50    1.98   -0.48 (VIOLATED)
ANTENNA_151/DIODE                       1.50    1.98   -0.48 (VIOLATED)
_29427_/A                               1.50    1.98   -0.48 (VIOLATED)
_33544_/A                               1.50    1.98   -0.48 (VIOLATED)
_39062_/A                               1.50    1.98   -0.48 (VIOLATED)
_28801_/A                               1.50    1.98   -0.48 (VIOLATED)
ANTENNA_152/DIODE                       1.50    1.98   -0.48 (VIOLATED)
_37084_/C                               1.50    1.98   -0.48 (VIOLATED)
_37120_/C                               1.50    1.98   -0.48 (VIOLATED)
_37047_/C                               1.50    1.98   -0.48 (VIOLATED)
_28740_/Y                               1.50    1.79   -0.29 (VIOLATED)
_33506_/A                               1.50    1.79   -0.29 (VIOLATED)
_36562_/A                               1.50    1.79   -0.29 (VIOLATED)
ANTENNA_725/DIODE                       1.50    1.79   -0.29 (VIOLATED)
_43520_/A                               1.50    1.79   -0.29 (VIOLATED)
_30033_/A                               1.50    1.79   -0.29 (VIOLATED)
_31260_/C                               1.50    1.79   -0.29 (VIOLATED)
_28741_/A                               1.50    1.79   -0.29 (VIOLATED)
_36975_/C                               1.50    1.79   -0.29 (VIOLATED)
_37011_/C                               1.50    1.79   -0.29 (VIOLATED)
_36938_/C                               1.50    1.79   -0.29 (VIOLATED)
_28665_/A                               1.50    1.74   -0.24 (VIOLATED)
_36709_/A                               1.50    1.74   -0.24 (VIOLATED)
_24151_/A                               1.50    1.74   -0.24 (VIOLATED)
_32680_/A                               1.50    1.74   -0.24 (VIOLATED)
_28636_/A                               1.50    1.74   -0.24 (VIOLATED)
_24150_/Y                               1.50    1.74   -0.23 (VIOLATED)
_28882_/Y                               1.50    1.61   -0.12 (VIOLATED)
_28883_/A                               1.50    1.62   -0.12 (VIOLATED)
_48116_/C                               1.50    1.62   -0.12 (VIOLATED)
_48080_/C                               1.50    1.62   -0.12 (VIOLATED)
_48044_/C                               1.50    1.62   -0.12 (VIOLATED)
_47882_/C                               1.50    1.62   -0.12 (VIOLATED)
_33674_/A                               1.50    1.61   -0.11 (VIOLATED)
_40918_/A                               1.50    1.61   -0.11 (VIOLATED)
_28842_/Y                               1.50    1.54   -0.04 (VIOLATED)
_29464_/A                               1.50    1.54   -0.04 (VIOLATED)
_41920_/C                               1.50    1.54   -0.04 (VIOLATED)
_42125_/C                               1.50    1.54   -0.04 (VIOLATED)
_36681_/A                               1.50    1.54   -0.04 (VIOLATED)
_43602_/A                               1.50    1.54   -0.04 (VIOLATED)
_41994_/C                               1.50    1.54   -0.04 (VIOLATED)
_42056_/C                               1.50    1.54   -0.04 (VIOLATED)

max capacitance

Pin                                    Limit     Cap   Slack
------------------------------------------------------------
_29019_/Y                               0.27    0.40   -0.13 (VIOLATED)
_28800_/Y                               0.27    0.36   -0.09 (VIOLATED)
_24262_/Y                               0.15    0.22   -0.06 (VIOLATED)
_28740_/Y                               0.27    0.33   -0.06 (VIOLATED)
_24150_/Y                               0.15    0.18   -0.03 (VIOLATED)
_28882_/Y                               0.27    0.29   -0.02 (VIOLATED)
_28842_/Y                               0.27    0.28   -0.01 (VIOLATED)


max slew violations count Slowest: 67
max fanout violations count Slowest: 0
max cap violations count Slowest: 7
======================= Typical Corner ===================================


max slew violations count Typical: 0
max fanout violations count Typical: 0
max cap violations count Typical: 0

===========================================================================
report_parasitic_annotation -report_unannotated
============================================================================
Found 14 unannotated drivers.
 addr[10]
 addr[11]
 addr[12]
 addr[13]
 addr[14]
 addr[15]
 addr[16]
 addr[17]
 addr[18]
 addr[19]
 addr[20]
 addr[21]
 addr[8]
 addr[9]
Found 0 partially unannotated drivers.

===========================================================================
max slew violation count 67
max fanout violation count 0
max cap violation count 7
============================================================================

===========================================================================
check_setup -verbose -unconstrained_endpoints -multiple_clock -no_clock -no_input_delay -loops -generated_clocks
===========================================================================
Warning: There are 58 input ports missing set_input_delay.
  addr[0]
  addr[10]
  addr[11]
  addr[12]
  addr[13]
  addr[14]
  addr[15]
  addr[16]
  addr[17]
  addr[18]
  addr[19]
  addr[1]
  addr[20]
  addr[21]
  addr[2]
  addr[3]
  addr[4]
  addr[5]
  addr[6]
  addr[7]
  addr[8]
  addr[9]
  wdata[0]
  wdata[10]
  wdata[11]
  wdata[12]
  wdata[13]
  wdata[14]
  wdata[15]
  wdata[16]
  wdata[17]
  wdata[18]
  wdata[19]
  wdata[1]
  wdata[20]
  wdata[21]
  wdata[22]
  wdata[23]
  wdata[24]
  wdata[25]
  wdata[26]
  wdata[27]
  wdata[28]
  wdata[29]
  wdata[2]
  wdata[30]
  wdata[31]
  wdata[3]
  wdata[4]
  wdata[5]
  wdata[6]
  wdata[7]
  wdata[8]
  wdata[9]
  wen[0]
  wen[1]
  wen[2]
  wen[3]
Warning: There are 32 unconstrained endpoints.
  rdata[0]
  rdata[10]
  rdata[11]
  rdata[12]
  rdata[13]
  rdata[14]
  rdata[15]
  rdata[16]
  rdata[17]
  rdata[18]
  rdata[19]
  rdata[1]
  rdata[20]
  rdata[21]
  rdata[22]
  rdata[23]
  rdata[24]
  rdata[25]
  rdata[26]
  rdata[27]
  rdata[28]
  rdata[29]
  rdata[2]
  rdata[30]
  rdata[31]
  rdata[3]
  rdata[4]
  rdata[5]
  rdata[6]
  rdata[7]
  rdata[8]
  rdata[9]
