Partial/Required: 11.64, Required:    400.0, Partial:  4654.35, Net: _19272_, Pin: _42789_/B, Layer: met3
Partial/Required:  8.79, Required:    400.0, Partial:  3514.71, Net: net73, Pin: output73/A, Layer: met3
Partial/Required:  8.39, Required:    400.0, Partial:  3357.59, Net: _13355_, Pin: _31241_/B, Layer: met3
Partial/Required:  7.19, Required:    400.0, Partial:  2877.46, Net: _19879_, Pin: _42570_/B, Layer: met3
Partial/Required:  6.47, Required:    400.0, Partial:  2586.57, Net: _10899_, Pin: _26843_/B1, Layer: met3
Partial/Required:  6.13, Required:    400.0, Partial:   2452.6, Net: net67, Pin: output67/A, Layer: met3
Partial/Required:  6.00, Required:    400.0, Partial:   2401.3, Net: net71, Pin: output71/A, Layer: met3
Partial/Required:  5.52, Required:    400.0, Partial:  2208.91, Net: _11705_, Pin: _27669_/A2, Layer: met3
Partial/Required:  5.27, Required:    400.0, Partial:  2106.22, Net: _15017_, Pin: _42107_/C, Layer: met3
Partial/Required:  5.27, Required:    400.0, Partial:  2106.22, Net: _15017_, Pin: _42037_/C, Layer: met3
Partial/Required:  5.19, Required:    400.0, Partial:  2074.38, Net: _11324_, Pin: _27272_/A4, Layer: met4
Partial/Required:  5.09, Required:    400.0, Partial:  2037.97, Net: _19841_, Pin: _40838_/B, Layer: met3
Partial/Required:  4.88, Required:    400.0, Partial:  1951.87, Net: _13334_, Pin: _29699_/B, Layer: met3
Partial/Required:  4.88, Required:    400.0, Partial:  1951.87, Net: _13334_, Pin: _31168_/B, Layer: met3
Partial/Required:  4.74, Required:    400.0, Partial:  1895.89, Net: _10670_, Pin: _26612_/D1, Layer: met3
Partial/Required:  4.63, Required:    400.0, Partial:  1851.68, Net: _13488_, Pin: _31913_/B, Layer: met3
Partial/Required:  4.55, Required:    400.0, Partial:  1819.35, Net: _12050_, Pin: _28017_/A2, Layer: met3
Partial/Required:  4.48, Required:    400.0, Partial:  1793.38, Net: net74, Pin: output74/A, Layer: met3
Partial/Required:  4.44, Required:    400.0, Partial:  1776.38, Net: _12868_, Pin: _29039_/C, Layer: met3
Partial/Required:  4.28, Required:    400.0, Partial:  1710.98, Net: net48, Pin: output48/A, Layer: met3
Partial/Required:  4.22, Required:    400.0, Partial:  1687.01, Net: _11834_, Pin: _27785_/A4, Layer: met4
Partial/Required:  4.16, Required:    400.0, Partial:  1664.76, Net: _18810_, Pin: _43730_/B, Layer: met3
Partial/Required:  3.74, Required:    400.0, Partial:   1495.2, Net: _19785_, Pin: _40742_/B, Layer: met3
Partial/Required:  3.74, Required:    400.0, Partial:   1495.2, Net: _19785_, Pin: _42289_/B, Layer: met3
Partial/Required:  3.74, Required:    400.0, Partial:   1495.2, Net: _19785_, Pin: _42343_/B, Layer: met3
Partial/Required:  3.72, Required:    400.0, Partial:  1486.29, Net: _20097_, Pin: _41736_/A1, Layer: met3
Partial/Required:  3.72, Required:    400.0, Partial:  1486.29, Net: _20097_, Pin: _41827_/A1, Layer: met3
Partial/Required:  3.70, Required:    400.0, Partial:  1479.05, Net: _12554_, Pin: _28511_/D1, Layer: met3
Partial/Required:  3.55, Required:    400.0, Partial:  1419.87, Net: _13366_, Pin: _31149_/C, Layer: met3
Partial/Required:  3.55, Required:    400.0, Partial:  1419.87, Net: _13366_, Pin: _29793_/C, Layer: met3
Partial/Required:  3.43, Required:    400.0, Partial:  1370.83, Net: _08440_, Pin: _26682_/A, Layer: met3
Partial/Required:  3.40, Required:    400.0, Partial:  1358.42, Net: _09667_, Pin: _25620_/A2, Layer: met3
Partial/Required:  3.39, Required:    400.0, Partial:  1357.59, Net: _19408_, Pin: _41153_/B, Layer: met3
Partial/Required:  3.37, Required:    400.0, Partial:  1348.76, Net: _20255_, Pin: _43857_/B, Layer: met3
Partial/Required:  3.37, Required:    400.0, Partial:  1348.76, Net: _20255_, Pin: _43266_/B, Layer: met3
Partial/Required:  3.31, Required:    400.0, Partial:  1322.74, Net: _08377_, Pin: _26628_/A, Layer: met3
Partial/Required:  3.28, Required:    400.0, Partial:  1311.68, Net: _13355_, Pin: _33043_/B, Layer: met3
Partial/Required:  3.28, Required:    400.0, Partial:  1311.68, Net: _13355_, Pin: _33025_/B, Layer: met3
Partial/Required:  3.24, Required:    400.0, Partial:   1297.4, Net: _13334_, Pin: _34011_/B, Layer: met3
Partial/Required:  3.21, Required:    400.0, Partial:  1285.04, Net: _08499_, Pin: _24517_/A, Layer: met3
Partial/Required:  3.21, Required:    400.0, Partial:  1285.04, Net: _08499_, Pin: _25929_/A, Layer: met3
Partial/Required:  3.12, Required:    400.0, Partial:  1248.57, Net: _13399_, Pin: _34177_/B, Layer: met3
Partial/Required:  3.12, Required:    400.0, Partial:  1248.57, Net: _13399_, Pin: _33208_/B, Layer: met3
Partial/Required:  3.00, Required:    400.0, Partial:  1201.33, Net: _19636_, Pin: _41081_/C, Layer: met2
Partial/Required:  2.98, Required:    400.0, Partial:  1191.49, Net: _17077_, Pin: _40561_/B, Layer: met3
Partial/Required:  2.98, Required:    400.0, Partial:  1191.49, Net: _17077_, Pin: _36107_/B, Layer: met3
Partial/Required:  2.98, Required:    400.0, Partial:  1191.49, Net: _17077_, Pin: _39527_/B, Layer: met3
Partial/Required:  2.97, Required:    400.0, Partial:  1186.61, Net: net68, Pin: output68/A, Layer: met3
Partial/Required:  2.91, Required:    400.0, Partial:  1165.56, Net: _15662_, Pin: _33693_/B, Layer: met1
Partial/Required:  2.89, Required:    400.0, Partial:  1156.22, Net: _17450_, Pin: _36734_/A1, Layer: met1
Partial/Required:  2.89, Required:    400.0, Partial:  1155.09, Net: net33, Pin: _46611_/A, Layer: met2
Partial/Required:  2.87, Required:    400.0, Partial:  1149.71, Net: _13355_, Pin: _30380_/B, Layer: met3
Partial/Required:  2.87, Required:    400.0, Partial:  1149.71, Net: _13355_, Pin: _31315_/B, Layer: met3
Partial/Required:  2.87, Required:    400.0, Partial:  1149.71, Net: _13355_, Pin: _31278_/B, Layer: met3
Partial/Required:  2.87, Required:    400.0, Partial:  1149.71, Net: _13355_, Pin: _31596_/B, Layer: met3
Partial/Required:  2.77, Required:    400.0, Partial:   1108.7, Net: _13021_, Pin: _45127_/B, Layer: met3
Partial/Required:  2.76, Required:    400.0, Partial:  1104.06, Net: _13196_, Pin: _32175_/B, Layer: met3
Partial/Required:  2.76, Required:    400.0, Partial:  1104.06, Net: _13196_, Pin: _32193_/B, Layer: met3
Partial/Required:  2.73, Required:    400.0, Partial:  1091.17, Net: _19408_, Pin: _40101_/B, Layer: met3
Partial/Required:  2.67, Required:    400.0, Partial:  1066.99, Net: _09578_, Pin: _25512_/D1, Layer: met3
Partial/Required:  2.66, Required:    400.0, Partial:  1063.43, Net: _14571_, Pin: _41974_/A, Layer: met3
Partial/Required:  2.66, Required:    400.0, Partial:  1063.43, Net: _14571_, Pin: _37139_/A, Layer: met3
Partial/Required:  2.60, Required:    400.0, Partial:  1041.13, Net: _11181_, Pin: _27127_/A4, Layer: met3
Partial/Required:  2.55, Required:    400.0, Partial:  1019.05, Net: _13366_, Pin: _29755_/C, Layer: met3
Partial/Required:  2.53, Required:    400.0, Partial:  1011.09, Net: _13399_, Pin: _31542_/B, Layer: met3
Partial/Required:  2.53, Required:    400.0, Partial:  1011.09, Net: _13399_, Pin: _31668_/B, Layer: met3
Partial/Required:  2.53, Required:    400.0, Partial:  1011.09, Net: _13399_, Pin: _31505_/B, Layer: met3
Partial/Required:  2.48, Required:    400.0, Partial:   992.39, Net: _13432_, Pin: _32319_/C, Layer: met2
Partial/Required:  2.48, Required:    400.0, Partial:   992.39, Net: _13432_, Pin: _32337_/C, Layer: met2
Partial/Required:  2.43, Required:    400.0, Partial:   972.09, Net: _11999_, Pin: _27959_/C1, Layer: met3
Partial/Required:  2.40, Required:    400.0, Partial:   960.13, Net: _20573_, Pin: _42279_/A1, Layer: met3
Partial/Required:  2.38, Required:    400.0, Partial:    951.0, Net: _15683_, Pin: _33748_/B, Layer: met1
Partial/Required:  2.36, Required:    400.0, Partial:   944.72, Net: _13133_, Pin: _32409_/B, Layer: met2
Partial/Required:  2.35, Required:    400.0, Partial:    939.4, Net: net66, Pin: output66/A, Layer: met3
Partial/Required:  2.34, Required:    400.0, Partial:   934.72, Net: _13175_, Pin: _32571_/B, Layer: met2
Partial/Required:  2.33, Required:    400.0, Partial:   933.95, Net: _13603_, Pin: _30144_/A, Layer: met1
Partial/Required:  2.33, Required:    400.0, Partial:   931.33, Net: _15873_, Pin: _34462_/B, Layer: met1
Partial/Required:  2.33, Required:    400.0, Partial:    930.2, Net: _11324_, Pin: _27272_/A4, Layer: met3
Partial/Required:  2.30, Required:    400.0, Partial:   918.69, Net: _08422_, Pin: _24373_/A, Layer: met3
Partial/Required:  2.30, Required:    400.0, Partial:   918.69, Net: _08422_, Pin: _24568_/A, Layer: met3
Partial/Required:  2.29, Required:    400.0, Partial:   917.52, Net: _14581_, Pin: _41984_/A1, Layer: met3
Partial/Required:  2.29, Required:    400.0, Partial:   917.52, Net: _14581_, Pin: _37149_/A1, Layer: met3
Partial/Required:  2.29, Required:    400.0, Partial:   916.93, Net: net70, Pin: output70/A, Layer: met3
Partial/Required:  2.27, Required:    400.0, Partial:   906.67, Net: _19343_, Pin: _40026_/B, Layer: met3
Partial/Required:  2.16, Required:    400.0, Partial:   863.33, Net: _20085_, Pin: _41670_/A1, Layer: met1
Partial/Required:  2.15, Required:    400.0, Partial:    858.6, Net: _18810_, Pin: _41027_/B, Layer: met3
Partial/Required:  2.15, Required:    400.0, Partial:    858.6, Net: _18810_, Pin: _40044_/B, Layer: met3
Partial/Required:  2.10, Required:    400.0, Partial:   841.56, Net: _17421_, Pin: _36693_/A1, Layer: met1
Partial/Required:  2.07, Required:    400.0, Partial:   826.96, Net: _08456_, Pin: _25190_/A1, Layer: met3
Partial/Required:  2.07, Required:    400.0, Partial:   826.96, Net: _08456_, Pin: _25321_/A1, Layer: met3
Partial/Required:  2.06, Required:    400.0, Partial:   825.78, Net: _17207_, Pin: _37065_/C, Layer: met1
Partial/Required:  2.06, Required:    400.0, Partial:   825.33, Net: _13334_, Pin: _31560_/B, Layer: met3
Partial/Required:  2.06, Required:    400.0, Partial:   825.33, Net: _13334_, Pin: _30344_/B, Layer: met3
Partial/Required:  2.00, Required:    400.0, Partial:   801.56, Net: _20581_, Pin: _42123_/A1, Layer: met2
Partial/Required:  2.00, Required:    400.0, Partial:   800.56, Net: _08333_, Pin: _25914_/A, Layer: met3
Partial/Required:  2.00, Required:    400.0, Partial:   800.56, Net: _08333_, Pin: _26744_/A, Layer: met3
Partial/Required:  2.00, Required:    400.0, Partial:   799.11, Net: _12805_, Pin: _47863_/B, Layer: met3
Partial/Required:  1.99, Required:    400.0, Partial:   797.97, Net: clk, Pin: clkbuf_0_clk/A, Layer: met4
Partial/Required:  1.99, Required:    400.0, Partial:   797.22, Net: _17419_, Pin: _36999_/A1, Layer: met1
Partial/Required:  1.98, Required:    400.0, Partial:   792.86, Net: _08375_, Pin: _25255_/A, Layer: met3
Partial/Required:  1.98, Required:    400.0, Partial:   791.56, Net: _13420_, Pin: _31614_/B, Layer: met2
Partial/Required:  1.96, Required:    400.0, Partial:   785.81, Net: _13541_, Pin: _31859_/B, Layer: met3
Partial/Required:  1.96, Required:    400.0, Partial:   785.81, Net: _13541_, Pin: _30636_/B, Layer: met3
Partial/Required:  1.96, Required:    400.0, Partial:   785.81, Net: _13541_, Pin: _32067_/B, Layer: met3
Partial/Required:  1.96, Required:    400.0, Partial:   785.81, Net: _13541_, Pin: _32041_/B, Layer: met3
Partial/Required:  1.94, Required:    400.0, Partial:   777.89, Net: _12991_, Pin: _47512_/B, Layer: met2
Partial/Required:  1.93, Required:    400.0, Partial:   773.52, Net: _08329_, Pin: _24474_/A, Layer: met3
Partial/Required:  1.93, Required:    400.0, Partial:   773.52, Net: _08329_, Pin: _24723_/A, Layer: met3
Partial/Required:  1.93, Required:    400.0, Partial:   771.68, Net: _21446_, Pin: _44204_/B, Layer: met3
Partial/Required:  1.92, Required:    400.0, Partial:   769.72, Net: _13111_, Pin: _48278_/C, Layer: met2
Partial/Required:  1.91, Required:    400.0, Partial:    765.0, Net: _19879_, Pin: _42643_/B, Layer: met2
Partial/Required:  1.91, Required:    400.0, Partial:   763.06, Net: _17207_, Pin: _37102_/C, Layer: met2
Partial/Required:  1.90, Required:    400.0, Partial:   758.79, Net: _08237_, Pin: _28513_/S1, Layer: met3
Partial/Required:  1.89, Required:    400.0, Partial:   757.67, Net: _18810_, Pin: _40080_/B, Layer: met3
Partial/Required:  1.89, Required:    400.0, Partial:   757.67, Net: _18810_, Pin: _40062_/B, Layer: met3
Partial/Required:  1.89, Required:    400.0, Partial:   757.67, Net: _18810_, Pin: _39063_/B, Layer: met3
Partial/Required:  1.85, Required:    400.0, Partial:   740.41, Net: _13451_, Pin: _30525_/B, Layer: met3
Partial/Required:  1.85, Required:    400.0, Partial:   740.41, Net: _13451_, Pin: _31741_/B, Layer: met3
Partial/Required:  1.85, Required:    400.0, Partial:   740.41, Net: _13451_, Pin: _31877_/B, Layer: met3
Partial/Required:  1.85, Required:    400.0, Partial:   740.41, Net: _13451_, Pin: _31841_/B, Layer: met3
Partial/Required:  1.83, Required:    400.0, Partial:   730.96, Net: _08403_, Pin: _26429_/A, Layer: met3
Partial/Required:  1.82, Required:    400.0, Partial:   728.73, Net: _08406_, Pin: _26360_/A, Layer: met3
Partial/Required:  1.82, Required:    400.0, Partial:   728.73, Net: _08406_, Pin: _26785_/A, Layer: met3
Partial/Required:  1.81, Required:    400.0, Partial:    725.9, Net: net64, Pin: output64/A, Layer: met3
Partial/Required:  1.81, Required:    400.0, Partial:   722.61, Net: _15714_, Pin: _33812_/B, Layer: met1
Partial/Required:  1.79, Required:    400.0, Partial:   716.09, Net: _12496_, Pin: _28511_/B1, Layer: met3
Partial/Required:  1.77, Required:    400.0, Partial:   709.67, Net: _20185_, Pin: _41776_/A1, Layer: met1
Partial/Required:  1.77, Required:    400.0, Partial:   709.08, Net: _16030_, Pin: _35360_/B, Layer: met3
Partial/Required:  1.77, Required:    400.0, Partial:   709.08, Net: _16030_, Pin: _34325_/B, Layer: met3
Partial/Required:  1.75, Required:    400.0, Partial:   701.22, Net: _11437_, Pin: _27385_/A2, Layer: met3
Partial/Required:  1.74, Required:    400.0, Partial:   694.69, Net: _08323_, Pin: _24250_/A, Layer: met3
Partial/Required:  1.72, Required:    400.0, Partial:   689.33, Net: _10733_, Pin: _26757_/B1, Layer: met3
Partial/Required:  1.72, Required:    400.0, Partial:   686.61, Net: _15116_, Pin: _33157_/A1, Layer: met2
Partial/Required:  1.71, Required:    400.0, Partial:    685.0, Net: _14583_, Pin: _37151_/A1, Layer: met2
Partial/Required:  1.70, Required:    400.0, Partial:   679.21, Net: _19785_, Pin: _43138_/B, Layer: met3
Partial/Required:  1.70, Required:    400.0, Partial:   679.21, Net: _19785_, Pin: _42922_/B, Layer: met3
Partial/Required:  1.70, Required:    400.0, Partial:   679.21, Net: _19785_, Pin: _42037_/B, Layer: met3
Partial/Required:  1.70, Required:    400.0, Partial:   679.21, Net: _19785_, Pin: _42551_/B, Layer: met3
Partial/Required:  1.69, Required:    400.0, Partial:    676.7, Net: _17207_, Pin: _38571_/C, Layer: met3
Partial/Required:  1.69, Required:    400.0, Partial:    676.7, Net: _17207_, Pin: _37908_/C, Layer: met3
Partial/Required:  1.66, Required:    400.0, Partial:   664.76, Net: _13219_, Pin: _30145_/B, Layer: met3
Partial/Required:  1.65, Required:    400.0, Partial:   661.61, Net: _13312_, Pin: _31079_/B, Layer: met3
Partial/Required:  1.65, Required:    400.0, Partial:   661.61, Net: _13312_, Pin: _30294_/B, Layer: met3
Partial/Required:  1.65, Required:    400.0, Partial:   661.61, Net: _13312_, Pin: _30182_/B, Layer: met3
Partial/Required:  1.65, Required:    400.0, Partial:   661.61, Net: _13312_, Pin: _31524_/B, Layer: met3
Partial/Required:  1.65, Required:    400.0, Partial:   661.61, Net: _13312_, Pin: _31026_/B, Layer: met3
Partial/Required:  1.65, Required:    400.0, Partial:   658.42, Net: _08256_, Pin: _24971_/A, Layer: met2
Partial/Required:  1.64, Required:    400.0, Partial:   656.15, Net: _15052_, Pin: _32641_/A, Layer: met1
Partial/Required:  1.64, Required:    400.0, Partial:   655.06, Net: net76, Pin: output76/A, Layer: met3
Partial/Required:  1.64, Required:    400.0, Partial:   654.67, Net: _23837_, Pin: _47998_/A1, Layer: met1
Partial/Required:  1.63, Required:   3669.2, Partial:  5972.83, Net: _16030_, Pin: _36398_/B, Layer: met3
Partial/Required:  1.63, Required:   3669.2, Partial:  5972.19, Net: _16080_, Pin: _36452_/B, Layer: met3
Partial/Required:  1.62, Required:    400.0, Partial:   647.69, Net: _11654_, Pin: _27611_/C1, Layer: met3
Partial/Required:  1.62, Required:    400.0, Partial:   647.47, Net: _17037_, Pin: _38627_/B, Layer: met3
Partial/Required:  1.62, Required:    400.0, Partial:   647.47, Net: _17037_, Pin: _39634_/B, Layer: met3
Partial/Required:  1.62, Required:    400.0, Partial:   647.47, Net: _17037_, Pin: _39615_/B, Layer: met3
Partial/Required:  1.62, Required:    400.0, Partial:   647.47, Net: _17037_, Pin: _38645_/B, Layer: met3
Partial/Required:  1.62, Required:    400.0, Partial:   647.47, Net: _17037_, Pin: _38663_/B, Layer: met3
Partial/Required:  1.61, Required:    400.0, Partial:   645.34, Net: _08440_, Pin: _26999_/A, Layer: met3
Partial/Required:  1.61, Required:    400.0, Partial:   645.34, Net: _08440_, Pin: _27245_/A, Layer: met3
Partial/Required:  1.61, Required:    400.0, Partial:   645.34, Net: _08440_, Pin: _24455_/A, Layer: met3
Partial/Required:  1.61, Required:    400.0, Partial:   642.94, Net: _17300_, Pin: _36489_/B, Layer: met2
Partial/Required:  1.60, Required:    400.0, Partial:   641.76, Net: net75, Pin: output75/A, Layer: met2
Partial/Required:  1.60, Required:    400.0, Partial:   641.61, Net: _15566_, Pin: _36544_/B, Layer: met2
Partial/Required:  1.60, Required:    400.0, Partial:   638.48, Net: _19841_, Pin: _43712_/B, Layer: met3
Partial/Required:  1.60, Required:    400.0, Partial:   638.48, Net: _19841_, Pin: _42751_/B, Layer: met3
Partial/Required:  1.59, Required:    400.0, Partial:   637.33, Net: _20097_, Pin: _41827_/A1, Layer: met1
Partial/Required:  1.59, Required:    400.0, Partial:   636.57, Net: _13399_, Pin: _30453_/B, Layer: met3
Partial/Required:  1.58, Required:    400.0, Partial:   632.08, Net: _20571_, Pin: _42169_/A1, Layer: met3
Partial/Required:  1.58, Required:    400.0, Partial:   632.08, Net: _20571_, Pin: _42331_/A1, Layer: met3
Partial/Required:  1.58, Required:    400.0, Partial:   632.08, Net: _20571_, Pin: _42113_/A1, Layer: met3
Partial/Required:  1.58, Required:    400.0, Partial:   630.37, Net: net32, Pin: _28792_/A, Layer: met3
Partial/Required:  1.58, Required:    400.0, Partial:   630.37, Net: net32, Pin: _46608_/A, Layer: met3
Partial/Required:  1.56, Required:    400.0, Partial:   623.37, Net: net51, Pin: output51/A, Layer: met2
Partial/Required:  1.55, Required:    400.0, Partial:   620.89, Net: _19845_, Pin: _41301_/A1, Layer: met1
Partial/Required:  1.51, Required:    400.0, Partial:   605.33, Net: _12868_, Pin: _28905_/C, Layer: met2
Partial/Required:  1.51, Required:    400.0, Partial:   603.02, Net: _15040_, Pin: _36091_/A, Layer: met3
Partial/Required:  1.51, Required:    400.0, Partial:   603.02, Net: _15040_, Pin: _35518_/A, Layer: met3
Partial/Required:  1.51, Required:    400.0, Partial:   603.02, Net: _15040_, Pin: _34948_/A, Layer: met3
Partial/Required:  1.51, Required:    400.0, Partial:   603.02, Net: _15040_, Pin: _34374_/A, Layer: met3
Partial/Required:  1.51, Required:    400.0, Partial:   603.02, Net: _15040_, Pin: _33798_/A, Layer: met3
Partial/Required:  1.51, Required:    400.0, Partial:   603.02, Net: _15040_, Pin: _33220_/A, Layer: met3
Partial/Required:  1.51, Required:    400.0, Partial:   603.02, Net: _15040_, Pin: _37822_/A, Layer: met3
Partial/Required:  1.49, Required:    400.0, Partial:   596.33, Net: _23625_, Pin: _47482_/A1, Layer: met1
Partial/Required:  1.48, Required:    400.0, Partial:    591.0, Net: _08293_, Pin: _24579_/A, Layer: met2
Partial/Required:  1.47, Required:    400.0, Partial:   589.72, Net: _13196_, Pin: _33599_/B, Layer: met2
Partial/Required:  1.45, Required:    400.0, Partial:    579.3, Net: _11047_, Pin: _26992_/A4, Layer: met3
Partial/Required:  1.45, Required:    400.0, Partial:   579.14, Net: _17218_, Pin: _38422_/B, Layer: met2
Partial/Required:  1.45, Required:    400.0, Partial:   579.14, Net: _17218_, Pin: _38392_/B, Layer: met2
Partial/Required:  1.44, Required:    400.0, Partial:   577.78, Net: net50, Pin: output50/A, Layer: met2
Partial/Required:  1.44, Required:    400.0, Partial:   577.14, Net: _20573_, Pin: _42243_/A1, Layer: met3
Partial/Required:  1.44, Required:    400.0, Partial:   575.68, Net: _15017_, Pin: _32644_/C, Layer: met3
Partial/Required:  1.44, Required:    400.0, Partial:   575.68, Net: _15017_, Pin: _37281_/C, Layer: met3
Partial/Required:  1.42, Required:    400.0, Partial:    569.0, Net: _17440_, Pin: _37035_/A1, Layer: met1
Partial/Required:  1.41, Required:   3669.2, Partial:  5184.13, Net: _18810_, Pin: _42940_/B, Layer: met3
Partial/Required:  1.41, Required:    400.0, Partial:   563.17, Net: _20565_, Pin: _42163_/A, Layer: met2
Partial/Required:  1.40, Required:    400.0, Partial:   561.56, Net: mem\[40\]\[28\], Pin: _33199_/A0, Layer: met1
Partial/Required:  1.40, Required:    400.0, Partial:   561.32, Net: _18407_, Pin: _41917_/A, Layer: met2
Partial/Required:  1.40, Required:    400.0, Partial:   560.19, Net: _19272_, Pin: _41208_/B, Layer: met3
Partial/Required:  1.40, Required:    400.0, Partial:   560.19, Net: _19272_, Pin: _41226_/B, Layer: met3
Partial/Required:  1.40, Required:    400.0, Partial:    558.0, Net: _20575_, Pin: _42371_/A1, Layer: met2
Partial/Required:  1.40, Required:    400.0, Partial:    558.0, Net: _20575_, Pin: _42425_/A1, Layer: met2
Partial/Required:  1.39, Required:    400.0, Partial:   554.33, Net: _21365_, Pin: _45307_/B, Layer: met1
Partial/Required:  1.39, Required:    400.0, Partial:   554.22, Net: _15038_, Pin: _32622_/A1, Layer: met1
Partial/Required:  1.37, Required:    400.0, Partial:   548.67, Net: _17432_, Pin: _37029_/A, Layer: met1
Partial/Required:  1.37, Required:   3312.8, Partial:  4535.87, Net: _21396_, Pin: _45759_/B, Layer: met3
Partial/Required:  1.37, Required:   2956.4, Partial:  4045.58, Net: _11491_, Pin: _27439_/D1, Layer: met5
Partial/Required:  1.37, Required:    400.0, Partial:    546.6, Net: _08333_, Pin: _24482_/A, Layer: met3
Partial/Required:  1.37, Required:    400.0, Partial:    546.6, Net: _08333_, Pin: _24437_/A, Layer: met3
Partial/Required:  1.36, Required:    400.0, Partial:   545.89, Net: _17363_, Pin: _36618_/B, Layer: met2
Partial/Required:  1.36, Required:    400.0, Partial:   545.89, Net: _17363_, Pin: _36600_/B, Layer: met2
Partial/Required:  1.36, Required:    400.0, Partial:   544.33, Net: _19272_, Pin: _40169_/B, Layer: met2
Partial/Required:  1.36, Required:    400.0, Partial:    542.1, Net: _19785_, Pin: _40761_/B, Layer: met3
Partial/Required:  1.35, Required:    400.0, Partial:   540.95, Net: _13290_, Pin: _29623_/B, Layer: met3
Partial/Required:  1.35, Required:    400.0, Partial:   539.78, Net: _21446_, Pin: _45984_/B, Layer: met1
Partial/Required:  1.34, Required:    400.0, Partial:    538.0, Net: _13290_, Pin: _32899_/B, Layer: met2
Partial/Required:  1.34, Required:    400.0, Partial:   537.81, Net: _18392_, Pin: _39534_/A, Layer: met1
Partial/Required:  1.34, Required:    400.0, Partial:   536.25, Net: _20793_, Pin: _42667_/A1, Layer: met3
Partial/Required:  1.34, Required:    400.0, Partial:   535.33, Net: _12719_, Pin: _48144_/A1, Layer: met1
Partial/Required:  1.33, Required:    400.0, Partial:   531.78, Net: _20787_, Pin: _42551_/A, Layer: met1
Partial/Required:  1.33, Required:    400.0, Partial:   530.52, Net: _09649_, Pin: _26826_/A1, Layer: met3
Partial/Required:  1.33, Required:    400.0, Partial:   530.52, Net: _09649_, Pin: _26678_/A1, Layer: met3
Partial/Required:  1.32, Required:    400.0, Partial:   528.74, Net: _12344_, Pin: _28307_/C1, Layer: met3
Partial/Required:  1.31, Required:    400.0, Partial:   525.39, Net: _20571_, Pin: _42169_/A1, Layer: met2
Partial/Required:  1.30, Required:    400.0, Partial:   521.78, Net: _22102_, Pin: _44727_/A1, Layer: met1
Partial/Required:  1.30, Required:    400.0, Partial:   521.21, Net: _12805_, Pin: _47476_/B, Layer: met3
Partial/Required:  1.30, Required:    400.0, Partial:   521.21, Net: _12805_, Pin: _47213_/B, Layer: met3
Partial/Required:  1.30, Required:    400.0, Partial:   521.21, Net: _12805_, Pin: _47809_/B, Layer: met3
Partial/Required:  1.30, Required:    400.0, Partial:   521.21, Net: _12805_, Pin: _28802_/C, Layer: met3
Partial/Required:  1.29, Required:    400.0, Partial:   517.67, Net: _20105_, Pin: _41835_/A1, Layer: met1
Partial/Required:  1.29, Required:   3669.2, Partial:  4740.19, Net: _20152_, Pin: _41374_/B, Layer: met3
Partial/Required:  1.29, Required:    400.0, Partial:   516.05, Net: _08432_, Pin: _24714_/A, Layer: met2
Partial/Required:  1.28, Required:    400.0, Partial:   510.76, Net: _20581_, Pin: _42215_/A1, Layer: met3
Partial/Required:  1.28, Required:    400.0, Partial:   510.76, Net: _20581_, Pin: _42251_/A1, Layer: met3
Partial/Required:  1.28, Required:    400.0, Partial:   510.76, Net: _20581_, Pin: _42323_/A1, Layer: met3
Partial/Required:  1.28, Required:    400.0, Partial:   510.76, Net: _20581_, Pin: _42377_/A1, Layer: met3
Partial/Required:  1.28, Required:    400.0, Partial:   510.76, Net: _20581_, Pin: _42287_/A1, Layer: met3
Partial/Required:  1.27, Required:    400.0, Partial:   507.05, Net: _16975_, Pin: _36957_/B, Layer: met3
Partial/Required:  1.26, Required:    400.0, Partial:    502.1, Net: _21396_, Pin: _45687_/B, Layer: met3
Partial/Required:  1.26, Required:    400.0, Partial:    502.1, Net: _21396_, Pin: _45723_/B, Layer: met3
Partial/Required:  1.25, Required:    400.0, Partial:   499.11, Net: _17065_, Pin: _36332_/A1, Layer: met1
Partial/Required:  1.25, Required:   2956.4, Partial:   3683.3, Net: _11562_, Pin: _27583_/B1, Layer: met4
Partial/Required:  1.24, Required:    400.0, Partial:   497.52, Net: _08380_, Pin: _25563_/A, Layer: met3
Partial/Required:  1.24, Required:    400.0, Partial:   496.03, Net: _11562_, Pin: _27583_/B1, Layer: met3
Partial/Required:  1.24, Required:    400.0, Partial:   494.33, Net: _19764_, Pin: _40708_/A1, Layer: met1
Partial/Required:  1.23, Required:   2956.4, Partial:  3644.12, Net: _12439_, Pin: _28395_/D1, Layer: met5
Partial/Required:  1.22, Required:    400.0, Partial:   489.81, Net: _13021_, Pin: _47014_/B, Layer: met3
Partial/Required:  1.22, Required:    400.0, Partial:   489.81, Net: _13021_, Pin: _29162_/C, Layer: met3
Partial/Required:  1.22, Required:    400.0, Partial:   489.81, Net: _13021_, Pin: _29372_/C, Layer: met3
Partial/Required:  1.22, Required:    400.0, Partial:   489.81, Net: _13021_, Pin: _46969_/B, Layer: met3
Partial/Required:  1.22, Required:    400.0, Partial:    489.5, Net: net56, Pin: output56/A, Layer: met2
Partial/Required:  1.22, Required:    400.0, Partial:   486.04, Net: _18395_, Pin: _39537_/A, Layer: met1
Partial/Required:  1.21, Required:    400.0, Partial:   485.67, Net: _12677_, Pin: _28637_/B, Layer: met1
Partial/Required:  1.21, Required:    400.0, Partial:   485.44, Net: _18810_, Pin: _41027_/B, Layer: met2
Partial/Required:  1.21, Required:   2956.4, Partial:  3577.79, Net: _11286_, Pin: _27312_/B1, Layer: met4
Partial/Required:  1.21, Required:    400.0, Partial:   483.61, Net: _15356_, Pin: _33921_/B, Layer: met2
Partial/Required:  1.21, Required:    400.0, Partial:   482.11, Net: _17096_, Pin: _36136_/A1, Layer: met1
Partial/Required:  1.20, Required:    400.0, Partial:   481.35, Net: _20152_, Pin: _41875_/B, Layer: met3
Partial/Required:  1.20, Required:    400.0, Partial:   481.35, Net: _20152_, Pin: _43983_/B, Layer: met3
Partial/Required:  1.20, Required:    400.0, Partial:   481.35, Net: _20152_, Pin: _44603_/B, Layer: met3
Partial/Required:  1.20, Required:    400.0, Partial:   481.35, Net: _20152_, Pin: _42533_/B, Layer: met3
Partial/Required:  1.20, Required:    400.0, Partial:   481.35, Net: _20152_, Pin: _43375_/B, Layer: met3
Partial/Required:  1.19, Required:    400.0, Partial:   476.89, Net: _20571_, Pin: _42113_/A1, Layer: met1
Partial/Required:  1.19, Required:    400.0, Partial:   476.67, Net: _15714_, Pin: _33767_/B, Layer: met1
Partial/Required:  1.19, Required:   2956.4, Partial:  3511.85, Net: _10733_, Pin: _26757_/B1, Layer: met4
Partial/Required:  1.19, Required:    400.0, Partial:   474.39, Net: _19636_, Pin: _41712_/C, Layer: met2
Partial/Required:  1.18, Required:    400.0, Partial:   473.39, Net: _15629_, Pin: _34661_/B, Layer: met2
Partial/Required:  1.18, Required:   2956.4, Partial:  3485.48, Net: _11010_, Pin: _27035_/B1, Layer: met4
Partial/Required:  1.18, Required:   2956.4, Partial:  3480.75, Net: net56, Pin: output56/A, Layer: met3
Partial/Required:  1.18, Required:    400.0, Partial:   470.54, Net: _21446_, Pin: _45431_/B, Layer: met3
Partial/Required:  1.18, Required:    400.0, Partial:   470.54, Net: _21446_, Pin: _46038_/B, Layer: met3
Partial/Required:  1.18, Required:   2956.4, Partial:  3475.14, Net: _10880_, Pin: _26884_/B1, Layer: met4
Partial/Required:  1.17, Required:    400.0, Partial:   469.53, Net: _08258_, Pin: _26221_/A, Layer: met3
Partial/Required:  1.17, Required:    400.0, Partial:   469.11, Net: _20573_, Pin: _42333_/A1, Layer: met1
Partial/Required:  1.17, Required:    400.0, Partial:   467.72, Net: _20152_, Pin: _43375_/B, Layer: met2
Partial/Required:  1.17, Required:    400.0, Partial:   467.62, Net: _12831_, Pin: _47249_/B, Layer: met3
Partial/Required:  1.17, Required:    400.0, Partial:   467.62, Net: _12831_, Pin: _46661_/B, Layer: met3
Partial/Required:  1.17, Required:  2947.76, Partial:   3440.0, Net: _13164_, Pin: _37455_/C, Layer: met3
Partial/Required:  1.16, Required:    400.0, Partial:   465.22, Net: _12901_, Pin: _28962_/C, Layer: met2
Partial/Required:  1.16, Required:    400.0, Partial:   465.22, Net: _15089_, Pin: _34993_/A, Layer: met3
Partial/Required:  1.16, Required:    400.0, Partial:   465.22, Net: _15089_, Pin: _34421_/A, Layer: met3
Partial/Required:  1.16, Required:    400.0, Partial:   465.22, Net: _15089_, Pin: _33843_/A, Layer: met3
Partial/Required:  1.16, Required:    400.0, Partial:   465.22, Net: _15089_, Pin: _36138_/A, Layer: met3
Partial/Required:  1.16, Required:    400.0, Partial:   465.22, Net: _15089_, Pin: _33265_/A, Layer: met3
Partial/Required:  1.16, Required:    400.0, Partial:   465.08, Net: _12678_, Pin: _30789_/A, Layer: met1
Partial/Required:  1.15, Required:   2956.4, Partial:  3396.27, Net: _11691_, Pin: _27699_/B1, Layer: met4
Partial/Required:  1.15, Required:    400.0, Partial:   459.33, Net: _15967_, Pin: _36305_/B, Layer: met1
Partial/Required:  1.15, Required:    400.0, Partial:   459.17, Net: _14570_, Pin: _41805_/A1, Layer: met3
Partial/Required:  1.15, Required:    400.0, Partial:   458.69, Net: _08479_, Pin: _24406_/S1, Layer: met2
Partial/Required:  1.15, Required:    400.0, Partial:   458.56, Net: _16770_, Pin: _35570_/A1, Layer: met1
Partial/Required:  1.14, Required:    400.0, Partial:   456.44, Net: net48, Pin: output48/A, Layer: met2
Partial/Required:  1.14, Required:    400.0, Partial:   454.33, Net: _15588_, Pin: _33545_/B, Layer: met1
Partial/Required:  1.13, Required:    400.0, Partial:   453.89, Net: _08321_, Pin: _24795_/A, Layer: met3
Partial/Required:  1.13, Required:    400.0, Partial:   453.89, Net: _08321_, Pin: _24421_/A, Layer: met3
Partial/Required:  1.13, Required:    400.0, Partial:   451.17, Net: net67, Pin: output67/A, Layer: met2
Partial/Required:  1.12, Required:    400.0, Partial:   448.39, Net: _15356_, Pin: _34881_/B, Layer: met2
Partial/Required:  1.12, Required:    400.0, Partial:   448.11, Net: _18742_, Pin: _39787_/A, Layer: met2
Partial/Required:  1.12, Required:    400.0, Partial:    447.6, Net: _08329_, Pin: _25068_/A, Layer: met2
Partial/Required:  1.12, Required:   2956.4, Partial:  3300.33, Net: _11151_, Pin: _27157_/B1, Layer: met4
Partial/Required:  1.11, Required:    400.0, Partial:    445.9, Net: _08311_, Pin: _25598_/A, Layer: met3
Partial/Required:  1.11, Required:    400.0, Partial:    445.9, Net: _08311_, Pin: _26970_/A, Layer: met3
Partial/Required:  1.11, Required:    400.0, Partial:    445.9, Net: _08311_, Pin: _25814_/A, Layer: met3
Partial/Required:  1.11, Required:    400.0, Partial:    445.9, Net: _08311_, Pin: _27186_/A, Layer: met3
Partial/Required:  1.11, Required:    400.0, Partial:   444.47, Net: _15034_, Pin: _36085_/A, Layer: met3
Partial/Required:  1.11, Required:    400.0, Partial:   444.47, Net: _15034_, Pin: _35512_/A, Layer: met3
Partial/Required:  1.11, Required:    400.0, Partial:   444.47, Net: _15034_, Pin: _34942_/A, Layer: met3
Partial/Required:  1.11, Required:    400.0, Partial:   444.47, Net: _15034_, Pin: _34368_/A, Layer: met3
Partial/Required:  1.11, Required:    400.0, Partial:   444.47, Net: _15034_, Pin: _33792_/A, Layer: met3
Partial/Required:  1.11, Required:    400.0, Partial:   444.47, Net: _15034_, Pin: _33214_/A, Layer: met3
Partial/Required:  1.11, Required:    400.0, Partial:   444.47, Net: _15034_, Pin: _36661_/A, Layer: met3
Partial/Required:  1.11, Required:    400.0, Partial:   444.47, Net: _15034_, Pin: _37816_/A, Layer: met3
Partial/Required:  1.10, Required:    400.0, Partial:   440.89, Net: mem\[8\]\[3\], Pin: _24919_/A0, Layer: met1
Partial/Required:  1.10, Required:    400.0, Partial:   439.67, Net: _18068_, Pin: _38262_/A, Layer: met1
Partial/Required:  1.09, Required:    400.0, Partial:   437.08, Net: mem\[1\]\[20\], Pin: _27258_/A1, Layer: met1
Partial/Required:  1.09, Required:    400.0, Partial:   436.57, Net: _10486_, Pin: _26428_/A2, Layer: met1
Partial/Required:  1.09, Required:    400.0, Partial:    436.0, Net: _15438_, Pin: _33670_/A1, Layer: met1
Partial/Required:  1.09, Required:    400.0, Partial:   435.89, Net: _19766_, Pin: _41163_/A1, Layer: met1
Partial/Required:  1.09, Required:    400.0, Partial:   435.81, Net: _11044_, Pin: _26989_/B1, Layer: met2
Partial/Required:  1.09, Required:    400.0, Partial:   435.81, Net: _15017_, Pin: _37319_/C, Layer: met3
Partial/Required:  1.08, Required:    400.0, Partial:   432.22, Net: _20565_, Pin: _42107_/A, Layer: met2
Partial/Required:  1.07, Required:    400.0, Partial:   429.08, Net: _19272_, Pin: _41190_/B, Layer: met3
Partial/Required:  1.07, Required:    400.0, Partial:   429.08, Net: _19272_, Pin: _40169_/B, Layer: met3
Partial/Required:  1.07, Required:    400.0, Partial:   426.62, Net: _08333_, Pin: _25914_/A, Layer: met1
Partial/Required:  1.06, Required:    400.0, Partial:   424.72, Net: _17300_, Pin: _36507_/B, Layer: met2
Partial/Required:  1.06, Required:   2969.6, Partial:  3144.53, Net: _11029_, Pin: _26992_/A2, Layer: met5
Partial/Required:  1.05, Required:    400.0, Partial:   419.58, Net: _10772_, Pin: _26715_/B1, Layer: met2
Partial/Required:  1.05, Required:    400.0, Partial:   418.02, Net: _08263_, Pin: _24561_/A, Layer: met2
Partial/Required:  1.04, Required:    400.0, Partial:   417.11, Net: _21424_, Pin: _43646_/A1, Layer: met1
Partial/Required:  1.04, Required:    400.0, Partial:   416.78, Net: _23833_, Pin: _47886_/A1, Layer: met1
Partial/Required:  1.03, Required:    400.0, Partial:   412.56, Net: _11179_, Pin: _27125_/B1, Layer: met2
Partial/Required:  1.03, Required:    400.0, Partial:   410.78, Net: _19103_, Pin: _39909_/A1, Layer: met1
Partial/Required:  1.03, Required:    400.0, Partial:   410.78, Net: _19103_, Pin: _39569_/A1, Layer: met1
Partial/Required:  1.03, Required:    400.0, Partial:   410.72, Net: _17077_, Pin: _40579_/B, Layer: met1
Partial/Required:  1.03, Required:    400.0, Partial:   410.72, Net: _17077_, Pin: _39553_/B, Layer: met1
Partial/Required:  1.03, Required:    400.0, Partial:   410.67, Net: _16431_, Pin: _34991_/A1, Layer: met1
Partial/Required:  1.02, Required:    400.0, Partial:   409.89, Net: _21170_, Pin: _43708_/A1, Layer: met1
Partial/Required:  1.02, Required:    400.0, Partial:   409.44, Net: _15049_, Pin: _34957_/A, Layer: met3
Partial/Required:  1.02, Required:    400.0, Partial:   409.44, Net: _15049_, Pin: _35527_/A, Layer: met3
Partial/Required:  1.02, Required:    400.0, Partial:   409.44, Net: _15049_, Pin: _34383_/A, Layer: met3
Partial/Required:  1.02, Required:    400.0, Partial:   409.44, Net: _15049_, Pin: _33807_/A, Layer: met3
Partial/Required:  1.02, Required:    400.0, Partial:   409.44, Net: _15049_, Pin: _33229_/A, Layer: met3
Partial/Required:  1.02, Required:    400.0, Partial:   409.44, Net: _15049_, Pin: _36100_/A, Layer: met3
Partial/Required:  1.02, Required:    400.0, Partial:   409.11, Net: _15017_, Pin: _32610_/C, Layer: met1
Partial/Required:  1.02, Required:    400.0, Partial:   408.67, Net: _20984_, Pin: _43066_/A1, Layer: met1
Partial/Required:  1.02, Required:   2778.2, Partial:  2837.85, Net: _11940_, Pin: _27892_/B1, Layer: met3
Partial/Required:  1.02, Required:    400.0, Partial:   408.56, Net: _16784_, Pin: _35808_/A1, Layer: met1
Partial/Required:  1.02, Required:    400.0, Partial:   407.33, Net: _21214_, Pin: _43240_/A1, Layer: met1
Partial/Required:  1.02, Required:    400.0, Partial:   406.67, Net: _17417_, Pin: _36816_/A1, Layer: met1
Partial/Required:  1.02, Required:    400.0, Partial:   406.67, Net: _17417_, Pin: _36761_/A1, Layer: met1
Partial/Required:  1.01, Required:    400.0, Partial:   405.33, Net: _17429_, Pin: _36828_/A1, Layer: met1
Partial/Required:  1.01, Required:    400.0, Partial:   404.25, Net: net69, Pin: output69/A, Layer: met1
Partial/Required:  1.01, Required:    400.0, Partial:   403.79, Net: net65, Pin: output65/A, Layer: met3
Partial/Required:  1.01, Required:    400.0, Partial:   403.09, Net: _18460_, Pin: _39047_/A, Layer: met1
Partial/Required:  1.01, Required:   2778.2, Partial:  2799.19, Net: _12170_, Pin: _28124_/B1, Layer: met3
Partial/Required:  1.01, Required:    400.0, Partial:   402.56, Net: _22524_, Pin: _46469_/A1, Layer: met1
Partial/Required:  1.01, Required:    400.0, Partial:   402.33, Net: _17229_, Pin: _36434_/C, Layer: met1
Partial/Required:  1.00, Required:    400.0, Partial:   401.84, Net: _10597_, Pin: _26539_/B1, Layer: met1
Partial/Required:  1.00, Required:    400.0, Partial:   401.21, Net: _13164_, Pin: _37491_/C, Layer: met3
Partial/Required:  1.00, Required:    400.0, Partial:   401.21, Net: _13164_, Pin: _37473_/C, Layer: met3
Partial/Required:  1.00, Required:    400.0, Partial:   401.07, Net: _18521_, Pin: _38564_/A, Layer: met2
Partial/Required:  1.00, Required:   2778.2, Partial:  2784.32, Net: _12285_, Pin: _28240_/B1, Layer: met3
Partial/Required:  1.00, Required:    400.0, Partial:   400.76, Net: _08398_, Pin: _24996_/A, Layer: met3
Partial/Required:  1.00, Required:    400.0, Partial:   400.76, Net: _08398_, Pin: _24458_/A, Layer: met3
Partial/Required:  1.00, Required:    400.0, Partial:   400.76, Net: _20581_, Pin: _42123_/A1, Layer: met3
Partial/Required:  1.00, Required:    400.0, Partial:   400.76, Net: _20581_, Pin: _42341_/A1, Layer: met3
Partial/Required:  1.00, Required:    400.0, Partial:   400.72, Net: _13239_, Pin: _31052_/C, Layer: met2
Partial/Required:  1.00, Required:   2778.2, Partial:   2779.8, Net: _12400_, Pin: _28356_/B1, Layer: met3
