
===========================================================================
report_checks -unconstrained
===========================================================================
======================= Fastest Corner ===================================

Startpoint: _1686_ (rising edge-triggered flip-flop clocked by core_clk)
Endpoint: _1633_ (rising edge-triggered flip-flop clocked by core_clk')
Path Group: core_clk
Path Type: max
Corner: Fastest

Fanout     Cap    Slew   Delay    Time   Description
-----------------------------------------------------------------------------
                  0.00    0.00    0.00   clock core_clk (rise edge)
                          0.00    0.00   clock network delay (ideal)
                  0.00    0.00    0.00 ^ _1686_/CLK (sky130_fd_sc_hd__dfxtp_1)
     3    0.02    0.07    0.22    0.22 v _1686_/Q (sky130_fd_sc_hd__dfxtp_1)
                                         xfer.dummy_count[3] (net)
                  0.07    0.00    0.22 v _0899_/A (sky130_fd_sc_hd__or4_4)
     7    0.03    0.09    0.37    0.59 v _0899_/X (sky130_fd_sc_hd__or4_4)
                                         _0446_ (net)
                  0.09    0.00    0.59 v _1006_/A (sky130_fd_sc_hd__or2_1)
     4    0.02    0.09    0.21    0.81 v _1006_/X (sky130_fd_sc_hd__or2_1)
                                         _0538_ (net)
                  0.09    0.00    0.81 v _1022_/A (sky130_fd_sc_hd__inv_2)
     1    0.01    0.04    0.06    0.87 ^ _1022_/Y (sky130_fd_sc_hd__inv_2)
                                         _0548_ (net)
                  0.04    0.00    0.87 ^ _1023_/C1 (sky130_fd_sc_hd__o221a_1)
     2    0.01    0.07    0.10    0.97 ^ _1023_/X (sky130_fd_sc_hd__o221a_1)
                                         xfer.flash_io1_do (net)
                  0.07    0.00    0.97 ^ _1633_/D (sky130_fd_sc_hd__dfxtp_1)
                                  0.97   data arrival time

                  0.00  550.00  550.00   clock core_clk' (rise edge)
                          0.00  550.00   clock network delay (ideal)
                          0.00  550.00   clock reconvergence pessimism
                                550.00 ^ _1633_/CLK (sky130_fd_sc_hd__dfxtp_1)
                         -0.03  549.97   library setup time
                                549.97   data required time
-----------------------------------------------------------------------------
                                549.97   data required time
                                 -0.97   data arrival time
-----------------------------------------------------------------------------
                                549.00   slack (MET)



======================= Slowest Corner ===================================

Startpoint: _1686_ (rising edge-triggered flip-flop clocked by core_clk)
Endpoint: _1633_ (rising edge-triggered flip-flop clocked by core_clk')
Path Group: core_clk
Path Type: max
Corner: Slowest

Fanout     Cap    Slew   Delay    Time   Description
-----------------------------------------------------------------------------
                  0.00    0.00    0.00   clock core_clk (rise edge)
                          0.00    0.00   clock network delay (ideal)
                  0.00    0.00    0.00 ^ _1686_/CLK (sky130_fd_sc_hd__dfxtp_1)
     3    0.02    0.19    0.66    0.66 v _1686_/Q (sky130_fd_sc_hd__dfxtp_1)
                                         xfer.dummy_count[3] (net)
                  0.19    0.00    0.66 v _0899_/A (sky130_fd_sc_hd__or4_4)
     7    0.03    0.23    1.23    1.89 v _0899_/X (sky130_fd_sc_hd__or4_4)
                                         _0446_ (net)
                  0.23    0.00    1.89 v _1006_/A (sky130_fd_sc_hd__or2_1)
     4    0.02    0.27    0.75    2.64 v _1006_/X (sky130_fd_sc_hd__or2_1)
                                         _0538_ (net)
                  0.27    0.00    2.64 v _1022_/A (sky130_fd_sc_hd__inv_2)
     1    0.01    0.09    0.16    2.80 ^ _1022_/Y (sky130_fd_sc_hd__inv_2)
                                         _0548_ (net)
                  0.09    0.00    2.80 ^ _1023_/C1 (sky130_fd_sc_hd__o221a_1)
     2    0.01    0.16    0.42    3.21 ^ _1023_/X (sky130_fd_sc_hd__o221a_1)
                                         xfer.flash_io1_do (net)
                  0.16    0.00    3.21 ^ _1633_/D (sky130_fd_sc_hd__dfxtp_1)
                                  3.21   data arrival time

                  0.00  550.00  550.00   clock core_clk' (rise edge)
                          0.00  550.00   clock network delay (ideal)
                          0.00  550.00   clock reconvergence pessimism
                                550.00 ^ _1633_/CLK (sky130_fd_sc_hd__dfxtp_1)
                         -0.16  549.84   library setup time
                                549.84   data required time
-----------------------------------------------------------------------------
                                549.84   data required time
                                 -3.21   data arrival time
-----------------------------------------------------------------------------
                                546.62   slack (MET)



======================= Typical Corner ===================================

Startpoint: _1686_ (rising edge-triggered flip-flop clocked by core_clk)
Endpoint: _1632_ (rising edge-triggered flip-flop clocked by core_clk')
Path Group: core_clk
Path Type: max
Corner: Typical

Fanout     Cap    Slew   Delay    Time   Description
-----------------------------------------------------------------------------
                  0.00    0.00    0.00   clock core_clk (rise edge)
                          0.00    0.00   clock network delay (ideal)
                  0.00    0.00    0.00 ^ _1686_/CLK (sky130_fd_sc_hd__dfxtp_1)
     3    0.02    0.10    0.34    0.34 v _1686_/Q (sky130_fd_sc_hd__dfxtp_1)
                                         xfer.dummy_count[3] (net)
                  0.10    0.00    0.34 v _0899_/A (sky130_fd_sc_hd__or4_4)
     7    0.03    0.12    0.61    0.95 v _0899_/X (sky130_fd_sc_hd__or4_4)
                                         _0446_ (net)
                  0.12    0.00    0.96 v _1016_/B1 (sky130_fd_sc_hd__a21oi_1)
     2    0.01    0.29    0.28    1.23 ^ _1016_/Y (sky130_fd_sc_hd__a21oi_1)
                                         _0544_ (net)
                  0.29    0.00    1.23 ^ _1017_/C1 (sky130_fd_sc_hd__o221a_1)
     1    0.00    0.06    0.24    1.47 ^ _1017_/X (sky130_fd_sc_hd__o221a_1)
                                         _0545_ (net)
                  0.06    0.00    1.47 ^ _1018_/B1 (sky130_fd_sc_hd__o21a_1)
     2    0.01    0.08    0.15    1.62 ^ _1018_/X (sky130_fd_sc_hd__o21a_1)
                                         xfer.flash_io0_do (net)
                  0.08    0.00    1.62 ^ _1632_/D (sky130_fd_sc_hd__dfxtp_1)
                                  1.62   data arrival time

                  0.00  550.00  550.00   clock core_clk' (rise edge)
                          0.00  550.00   clock network delay (ideal)
                          0.00  550.00   clock reconvergence pessimism
                                550.00 ^ _1632_/CLK (sky130_fd_sc_hd__dfxtp_1)
                         -0.07  549.93   library setup time
                                549.93   data required time
-----------------------------------------------------------------------------
                                549.93   data required time
                                 -1.62   data arrival time
-----------------------------------------------------------------------------
                                548.31   slack (MET)




===========================================================================
report_checks --slack_max -0.01
============================================================================
======================= Fastest Corner ===================================

No paths found.

======================= Slowest Corner ===================================

No paths found.

======================= Typical Corner ===================================

No paths found.


===========================================================================
 report_check_types -max_slew -max_cap -max_fanout -violators
============================================================================
======================= Fastest Corner ===================================


max slew violations count Fastest: 0
max fanout violations count Fastest: 0
max cap violations count Fastest: 0
======================= Slowest Corner ===================================


max slew violations count Slowest: 0
max fanout violations count Slowest: 0
max cap violations count Slowest: 0
======================= Typical Corner ===================================


max slew violations count Typical: 0
max fanout violations count Typical: 0
max cap violations count Typical: 0

===========================================================================
report_parasitic_annotation -report_unannotated
============================================================================
Found 28 unannotated drivers.
 cfgreg_di[12]
 cfgreg_di[13]
 cfgreg_di[14]
 cfgreg_di[15]
 cfgreg_di[23]
 cfgreg_di[24]
 cfgreg_di[25]
 cfgreg_di[26]
 cfgreg_di[27]
 cfgreg_di[28]
 cfgreg_di[29]
 cfgreg_di[30]
 cfgreg_di[6]
 cfgreg_di[7]
 spimemio_114/HI
 spimemio_115/HI
 spimemio_116/HI
 spimemio_117/HI
 spimemio_118/HI
 spimemio_119/HI
 spimemio_120/HI
 spimemio_121/HI
 spimemio_122/HI
 spimemio_123/HI
 spimemio_124/HI
 spimemio_125/HI
 spimemio_126/HI
 spimemio_127/HI
Found 0 partially unannotated drivers.

===========================================================================
max slew violation count 0
max fanout violation count 0
max cap violation count 0
============================================================================

===========================================================================
check_setup -verbose -unconstrained_endpoints -multiple_clock -no_clock -no_input_delay -loops -generated_clocks
===========================================================================
Warning: There are 66 input ports missing set_input_delay.
  addr[0]
  addr[10]
  addr[11]
  addr[12]
  addr[13]
  addr[14]
  addr[15]
  addr[16]
  addr[17]
  addr[18]
  addr[19]
  addr[1]
  addr[20]
  addr[21]
  addr[22]
  addr[23]
  addr[2]
  addr[3]
  addr[4]
  addr[5]
  addr[6]
  addr[7]
  addr[8]
  addr[9]
  cfgreg_di[0]
  cfgreg_di[10]
  cfgreg_di[11]
  cfgreg_di[12]
  cfgreg_di[13]
  cfgreg_di[14]
  cfgreg_di[15]
  cfgreg_di[16]
  cfgreg_di[17]
  cfgreg_di[18]
  cfgreg_di[19]
  cfgreg_di[1]
  cfgreg_di[20]
  cfgreg_di[21]
  cfgreg_di[22]
  cfgreg_di[23]
  cfgreg_di[24]
  cfgreg_di[25]
  cfgreg_di[26]
  cfgreg_di[27]
  cfgreg_di[28]
  cfgreg_di[29]
  cfgreg_di[2]
  cfgreg_di[30]
  cfgreg_di[31]
  cfgreg_di[3]
  cfgreg_di[4]
  cfgreg_di[5]
  cfgreg_di[6]
  cfgreg_di[7]
  cfgreg_di[8]
  cfgreg_di[9]
  cfgreg_we[0]
  cfgreg_we[1]
  cfgreg_we[2]
  cfgreg_we[3]
  flash_io0_di
  flash_io1_di
  flash_io2_di
  flash_io3_di
  resetn
  valid
Warning: There are 75 unconstrained endpoints.
  cfgreg_do[0]
  cfgreg_do[10]
  cfgreg_do[11]
  cfgreg_do[12]
  cfgreg_do[13]
  cfgreg_do[14]
  cfgreg_do[15]
  cfgreg_do[16]
  cfgreg_do[17]
  cfgreg_do[18]
  cfgreg_do[19]
  cfgreg_do[1]
  cfgreg_do[20]
  cfgreg_do[21]
  cfgreg_do[22]
  cfgreg_do[23]
  cfgreg_do[24]
  cfgreg_do[25]
  cfgreg_do[26]
  cfgreg_do[27]
  cfgreg_do[28]
  cfgreg_do[29]
  cfgreg_do[2]
  cfgreg_do[30]
  cfgreg_do[31]
  cfgreg_do[3]
  cfgreg_do[4]
  cfgreg_do[5]
  cfgreg_do[6]
  cfgreg_do[7]
  cfgreg_do[8]
  cfgreg_do[9]
  flash_clk
  flash_csb
  flash_io0_do
  flash_io0_oe
  flash_io1_do
  flash_io1_oe
  flash_io2_do
  flash_io2_oe
  flash_io3_do
  flash_io3_oe
  rdata[0]
  rdata[10]
  rdata[11]
  rdata[12]
  rdata[13]
  rdata[14]
  rdata[15]
  rdata[16]
  rdata[17]
  rdata[18]
  rdata[19]
  rdata[1]
  rdata[20]
  rdata[21]
  rdata[22]
  rdata[23]
  rdata[24]
  rdata[25]
  rdata[26]
  rdata[27]
  rdata[28]
  rdata[29]
  rdata[2]
  rdata[30]
  rdata[31]
  rdata[3]
  rdata[4]
  rdata[5]
  rdata[6]
  rdata[7]
  rdata[8]
  rdata[9]
  ready
