
===========================================================================
 report_power
============================================================================
======================= Fastest Corner ===================================

Group                  Internal  Switching    Leakage      Total
                          Power      Power      Power      Power (Watts)
----------------------------------------------------------------
Sequential             3.52e-04   1.56e-07   1.19e-07   3.53e-04  71.8%
Combinational          3.95e-06   1.54e-07   1.64e-07   4.27e-06   0.9%
Clock                  2.67e-05   1.07e-04   6.41e-08   1.34e-04  27.3%
Macro                  0.00e+00   0.00e+00   0.00e+00   0.00e+00   0.0%
Pad                    0.00e+00   0.00e+00   0.00e+00   0.00e+00   0.0%
----------------------------------------------------------------
Total                  3.83e-04   1.08e-04   3.47e-07   4.91e-04 100.0%
                          78.0%      21.9%       0.1%

======================= Slowest Corner ===================================

Group                  Internal  Switching    Leakage      Total
                          Power      Power      Power      Power (Watts)
----------------------------------------------------------------
Sequential             2.45e-04   9.99e-08   1.11e-04   3.57e-04  58.4%
Combinational          2.40e-06   9.80e-08   1.60e-04   1.62e-04  26.5%
Clock                  1.97e-05   6.80e-05   4.41e-06   9.21e-05  15.1%
Macro                  0.00e+00   0.00e+00   0.00e+00   0.00e+00   0.0%
Pad                    0.00e+00   0.00e+00   0.00e+00   0.00e+00   0.0%
----------------------------------------------------------------
Total                  2.67e-04   6.82e-05   2.75e-04   6.11e-04 100.0%
                          43.8%      11.2%      45.1%

======================= Typical Corner ===================================

Group                  Internal  Switching    Leakage      Total
                          Power      Power      Power      Power (Watts)
----------------------------------------------------------------
Sequential             3.05e-04   1.29e-07   6.62e-08   3.05e-04  72.2%
Combinational          3.34e-06   1.27e-07   1.20e-07   3.58e-06   0.8%
Clock                  2.39e-05   8.99e-05   5.87e-08   1.14e-04  27.0%
Macro                  0.00e+00   0.00e+00   0.00e+00   0.00e+00   0.0%
Pad                    0.00e+00   0.00e+00   0.00e+00   0.00e+00   0.0%
----------------------------------------------------------------
Total                  3.32e-04   9.02e-05   2.45e-07   4.22e-04 100.0%
                          78.6%      21.4%       0.1%

