
===========================================================================
 report_power
============================================================================
======================= Fastest Corner ===================================

Group                  Internal  Switching    Leakage      Total
                          Power      Power      Power      Power (Watts)
----------------------------------------------------------------
Sequential             6.12e-06   8.50e-07   2.25e-09   6.98e-06  42.3%
Combinational          1.78e-06   2.93e-06   3.63e-09   4.71e-06  28.6%
Clock                  1.73e-06   3.05e-06   1.08e-08   4.79e-06  29.1%
Macro                  0.00e+00   0.00e+00   0.00e+00   0.00e+00   0.0%
Pad                    0.00e+00   0.00e+00   0.00e+00   0.00e+00   0.0%
----------------------------------------------------------------
Total                  9.64e-06   6.83e-06   1.67e-08   1.65e-05 100.0%
                          58.5%      41.4%       0.1%

======================= Slowest Corner ===================================

Group                  Internal  Switching    Leakage      Total
                          Power      Power      Power      Power (Watts)
----------------------------------------------------------------
Sequential             4.27e-06   5.69e-07   1.87e-06   6.71e-06  38.6%
Combinational          1.34e-06   1.96e-06   3.90e-06   7.19e-06  41.4%
Clock                  1.23e-06   2.04e-06   2.02e-07   3.47e-06  20.0%
Macro                  0.00e+00   0.00e+00   0.00e+00   0.00e+00   0.0%
Pad                    0.00e+00   0.00e+00   0.00e+00   0.00e+00   0.0%
----------------------------------------------------------------
Total                  6.84e-06   4.56e-06   5.97e-06   1.74e-05 100.0%
                          39.4%      26.3%      34.4%

======================= Typical Corner ===================================

Group                  Internal  Switching    Leakage      Total
                          Power      Power      Power      Power (Watts)
----------------------------------------------------------------
Sequential             5.30e-06   7.21e-07   1.09e-09   6.03e-06  42.2%
Combinational          1.63e-06   2.48e-06   2.76e-09   4.12e-06  28.9%
Clock                  1.51e-06   2.60e-06   1.04e-08   4.13e-06  28.9%
Macro                  0.00e+00   0.00e+00   0.00e+00   0.00e+00   0.0%
Pad                    0.00e+00   0.00e+00   0.00e+00   0.00e+00   0.0%
----------------------------------------------------------------
Total                  8.45e-06   5.80e-06   1.43e-08   1.43e-05 100.0%
                          59.2%      40.7%       0.1%

