
===========================================================================
 report_power
============================================================================
======================= Fastest Corner ===================================

Group                  Internal  Switching    Leakage      Total
                          Power      Power      Power      Power (Watts)
----------------------------------------------------------------
Sequential             8.31e-05   1.94e-05   2.75e-08   1.03e-04  39.5%
Combinational          3.89e-05   8.29e-05   5.78e-08   1.22e-04  47.0%
Clock                  7.23e-06   2.77e-05   1.77e-08   3.49e-05  13.5%
Macro                  0.00e+00   0.00e+00   0.00e+00   0.00e+00   0.0%
Pad                    0.00e+00   0.00e+00   0.00e+00   0.00e+00   0.0%
----------------------------------------------------------------
Total                  1.29e-04   1.30e-04   1.03e-07   2.59e-04 100.0%
                          49.8%      50.1%       0.0%

======================= Slowest Corner ===================================

Group                  Internal  Switching    Leakage      Total
                          Power      Power      Power      Power (Watts)
----------------------------------------------------------------
Sequential             5.80e-05   1.31e-05   2.45e-05   9.56e-05  37.8%
Combinational          2.77e-05   5.55e-05   4.98e-05   1.33e-04  52.6%
Clock                  5.28e-06   1.78e-05   1.20e-06   2.43e-05   9.6%
Macro                  0.00e+00   0.00e+00   0.00e+00   0.00e+00   0.0%
Pad                    0.00e+00   0.00e+00   0.00e+00   0.00e+00   0.0%
----------------------------------------------------------------
Total                  9.10e-05   8.64e-05   7.55e-05   2.53e-04 100.0%
                          36.0%      34.2%      29.9%

======================= Typical Corner ===================================

Group                  Internal  Switching    Leakage      Total
                          Power      Power      Power      Power (Watts)
----------------------------------------------------------------
Sequential             7.20e-05   1.65e-05   1.44e-08   8.85e-05  39.7%
Combinational          3.46e-05   7.04e-05   4.00e-08   1.05e-04  47.0%
Clock                  6.43e-06   2.33e-05   1.62e-08   2.97e-05  13.3%
Macro                  0.00e+00   0.00e+00   0.00e+00   0.00e+00   0.0%
Pad                    0.00e+00   0.00e+00   0.00e+00   0.00e+00   0.0%
----------------------------------------------------------------
Total                  1.13e-04   1.10e-04   7.06e-08   2.23e-04 100.0%
                          50.6%      49.4%       0.0%

