
===========================================================================
report_checks -unconstrained
===========================================================================
======================= Fastest Corner ===================================

Startpoint: _1572_ (rising edge-triggered flip-flop clocked by core_clk)
Endpoint: _1641_ (rising edge-triggered flip-flop clocked by core_clk)
Path Group: core_clk
Path Type: max
Corner: Fastest

Fanout     Cap    Slew   Delay    Time   Description
-----------------------------------------------------------------------------
                  0.00    0.00    0.00   clock core_clk (rise edge)
                          0.00    0.00   clock network delay (ideal)
                  0.00    0.00    0.00 ^ _1572_/CLK (sky130_fd_sc_hd__dfxtp_2)
    12    0.04    0.16    0.28    0.28 ^ _1572_/Q (sky130_fd_sc_hd__dfxtp_2)
                                         net106 (net)
                  0.16    0.00    0.28 ^ _0797_/A (sky130_fd_sc_hd__inv_2)
     4    0.01    0.05    0.04    0.32 v _0797_/Y (sky130_fd_sc_hd__inv_2)
                                         _0222_ (net)
                  0.05    0.00    0.32 v _0798_/A (sky130_fd_sc_hd__and2_1)
     2    0.01    0.04    0.10    0.42 v _0798_/X (sky130_fd_sc_hd__and2_1)
                                         _0223_ (net)
                  0.04    0.00    0.42 v _0800_/C1 (sky130_fd_sc_hd__a2111o_1)
     2    0.01    0.05    0.17    0.59 v _0800_/X (sky130_fd_sc_hd__a2111o_1)
                                         _0225_ (net)
                  0.05    0.00    0.59 v _0860_/A (sky130_fd_sc_hd__or3b_1)
     2    0.01    0.05    0.23    0.82 v _0860_/X (sky130_fd_sc_hd__or3b_1)
                                         _0285_ (net)
                  0.05    0.00    0.82 v _0874_/A (sky130_fd_sc_hd__or4b_1)
     2    0.01    0.08    0.33    1.15 v _0874_/X (sky130_fd_sc_hd__or4b_1)
                                         _0299_ (net)
                  0.08    0.00    1.15 v _0899_/A (sky130_fd_sc_hd__or3_1)
     2    0.01    0.07    0.26    1.41 v _0899_/X (sky130_fd_sc_hd__or3_1)
                                         _0324_ (net)
                  0.07    0.00    1.41 v _0920_/C (sky130_fd_sc_hd__nor3_1)
     1    0.01    0.26    0.22    1.63 ^ _0920_/Y (sky130_fd_sc_hd__nor3_1)
                                         _0345_ (net)
                  0.26    0.00    1.63 ^ _0921_/B1 (sky130_fd_sc_hd__a31o_1)
     4    0.02    0.13    0.13    1.76 ^ _0921_/X (sky130_fd_sc_hd__a31o_1)
                                         _0346_ (net)
                  0.13    0.00    1.76 ^ _1351_/A (sky130_fd_sc_hd__or2_1)
     1    0.00    0.03    0.08    1.83 ^ _1351_/X (sky130_fd_sc_hd__or2_1)
                                         _0701_ (net)
                  0.03    0.00    1.83 ^ _1352_/A (sky130_fd_sc_hd__clkbuf_4)
    18    0.06    0.14    0.16    2.00 ^ _1352_/X (sky130_fd_sc_hd__clkbuf_4)
                                         _0702_ (net)
                  0.14    0.00    2.00 ^ _1394_/B1 (sky130_fd_sc_hd__o211a_2)
    10    0.04    0.17    0.21    2.20 ^ _1394_/X (sky130_fd_sc_hd__o211a_2)
                                         _0728_ (net)
                  0.17    0.00    2.21 ^ _1403_/A (sky130_fd_sc_hd__clkbuf_4)
    20    0.06    0.14    0.20    2.41 ^ _1403_/X (sky130_fd_sc_hd__clkbuf_4)
                                         _0735_ (net)
                  0.14    0.00    2.41 ^ _1405_/B (sky130_fd_sc_hd__and3b_1)
     1    0.00    0.04    0.11    2.51 ^ _1405_/X (sky130_fd_sc_hd__and3b_1)
                                         _0737_ (net)
                  0.04    0.00    2.51 ^ _1406_/A (sky130_fd_sc_hd__clkbuf_1)
     1    0.00    0.03    0.05    2.57 ^ _1406_/X (sky130_fd_sc_hd__clkbuf_1)
                                         _0093_ (net)
                  0.03    0.00    2.57 ^ _1641_/D (sky130_fd_sc_hd__dfxtp_2)
                                  2.57   data arrival time

                  0.00 1100.00 1100.00   clock core_clk (rise edge)
                          0.00 1100.00   clock network delay (ideal)
                          0.00 1100.00   clock reconvergence pessimism
                               1100.00 ^ _1641_/CLK (sky130_fd_sc_hd__dfxtp_2)
                         -0.03 1099.97   library setup time
                               1099.97   data required time
-----------------------------------------------------------------------------
                               1099.97   data required time
                                 -2.57   data arrival time
-----------------------------------------------------------------------------
                               1097.40   slack (MET)



======================= Slowest Corner ===================================

Startpoint: _1572_ (rising edge-triggered flip-flop clocked by core_clk)
Endpoint: _1641_ (rising edge-triggered flip-flop clocked by core_clk)
Path Group: core_clk
Path Type: max
Corner: Slowest

Fanout     Cap    Slew   Delay    Time   Description
-----------------------------------------------------------------------------
                  0.00    0.00    0.00   clock core_clk (rise edge)
                          0.00    0.00   clock network delay (ideal)
                  0.00    0.00    0.00 ^ _1572_/CLK (sky130_fd_sc_hd__dfxtp_2)
    12    0.04    0.35    0.83    0.83 ^ _1572_/Q (sky130_fd_sc_hd__dfxtp_2)
                                         net106 (net)
                  0.35    0.00    0.83 ^ _0797_/A (sky130_fd_sc_hd__inv_2)
     4    0.01    0.10    0.18    1.02 v _0797_/Y (sky130_fd_sc_hd__inv_2)
                                         _0222_ (net)
                  0.10    0.00    1.02 v _0798_/A (sky130_fd_sc_hd__and2_1)
     2    0.01    0.10    0.32    1.34 v _0798_/X (sky130_fd_sc_hd__and2_1)
                                         _0223_ (net)
                  0.10    0.00    1.34 v _0800_/C1 (sky130_fd_sc_hd__a2111o_1)
     2    0.01    0.13    0.71    2.04 v _0800_/X (sky130_fd_sc_hd__a2111o_1)
                                         _0225_ (net)
                  0.13    0.00    2.04 v _0860_/A (sky130_fd_sc_hd__or3b_1)
     2    0.01    0.17    0.92    2.96 v _0860_/X (sky130_fd_sc_hd__or3b_1)
                                         _0285_ (net)
                  0.17    0.00    2.96 v _0874_/A (sky130_fd_sc_hd__or4b_1)
     2    0.01    0.24    1.34    4.30 v _0874_/X (sky130_fd_sc_hd__or4b_1)
                                         _0299_ (net)
                  0.24    0.00    4.30 v _0899_/A (sky130_fd_sc_hd__or3_1)
     2    0.01    0.21    1.01    5.32 v _0899_/X (sky130_fd_sc_hd__or3_1)
                                         _0324_ (net)
                  0.21    0.00    5.32 v _0920_/C (sky130_fd_sc_hd__nor3_1)
     1    0.01    0.64    0.58    5.90 ^ _0920_/Y (sky130_fd_sc_hd__nor3_1)
                                         _0345_ (net)
                  0.64    0.00    5.90 ^ _0921_/B1 (sky130_fd_sc_hd__a31o_1)
     4    0.02    0.29    0.52    6.42 ^ _0921_/X (sky130_fd_sc_hd__a31o_1)
                                         _0346_ (net)
                  0.29    0.00    6.42 ^ _1351_/A (sky130_fd_sc_hd__or2_1)
     1    0.00    0.06    0.25    6.67 ^ _1351_/X (sky130_fd_sc_hd__or2_1)
                                         _0701_ (net)
                  0.06    0.00    6.67 ^ _1352_/A (sky130_fd_sc_hd__clkbuf_4)
    18    0.06    0.29    0.40    7.08 ^ _1352_/X (sky130_fd_sc_hd__clkbuf_4)
                                         _0702_ (net)
                  0.29    0.00    7.08 ^ _1394_/B1 (sky130_fd_sc_hd__o211a_2)
    10    0.04    0.37    0.69    7.77 ^ _1394_/X (sky130_fd_sc_hd__o211a_2)
                                         _0728_ (net)
                  0.37    0.00    7.77 ^ _1403_/A (sky130_fd_sc_hd__clkbuf_4)
    20    0.06    0.30    0.55    8.32 ^ _1403_/X (sky130_fd_sc_hd__clkbuf_4)
                                         _0735_ (net)
                  0.30    0.00    8.32 ^ _1405_/B (sky130_fd_sc_hd__and3b_1)
     1    0.00    0.09    0.38    8.70 ^ _1405_/X (sky130_fd_sc_hd__and3b_1)
                                         _0737_ (net)
                  0.09    0.00    8.70 ^ _1406_/A (sky130_fd_sc_hd__clkbuf_1)
     1    0.00    0.07    0.16    8.85 ^ _1406_/X (sky130_fd_sc_hd__clkbuf_1)
                                         _0093_ (net)
                  0.07    0.00    8.85 ^ _1641_/D (sky130_fd_sc_hd__dfxtp_2)
                                  8.85   data arrival time

                  0.00 1100.00 1100.00   clock core_clk (rise edge)
                          0.00 1100.00   clock network delay (ideal)
                          0.00 1100.00   clock reconvergence pessimism
                               1100.00 ^ _1641_/CLK (sky130_fd_sc_hd__dfxtp_2)
                         -0.15 1099.85   library setup time
                               1099.85   data required time
-----------------------------------------------------------------------------
                               1099.85   data required time
                                 -8.85   data arrival time
-----------------------------------------------------------------------------
                               1090.99   slack (MET)



======================= Typical Corner ===================================

Startpoint: _1572_ (rising edge-triggered flip-flop clocked by core_clk)
Endpoint: _1641_ (rising edge-triggered flip-flop clocked by core_clk)
Path Group: core_clk
Path Type: max
Corner: Typical

Fanout     Cap    Slew   Delay    Time   Description
-----------------------------------------------------------------------------
                  0.00    0.00    0.00   clock core_clk (rise edge)
                          0.00    0.00   clock network delay (ideal)
                  0.00    0.00    0.00 ^ _1572_/CLK (sky130_fd_sc_hd__dfxtp_2)
    12    0.04    0.21    0.43    0.43 ^ _1572_/Q (sky130_fd_sc_hd__dfxtp_2)
                                         net106 (net)
                  0.21    0.00    0.43 ^ _0797_/A (sky130_fd_sc_hd__inv_2)
     4    0.01    0.06    0.08    0.51 v _0797_/Y (sky130_fd_sc_hd__inv_2)
                                         _0222_ (net)
                  0.06    0.00    0.51 v _0798_/A (sky130_fd_sc_hd__and2_1)
     2    0.01    0.05    0.16    0.67 v _0798_/X (sky130_fd_sc_hd__and2_1)
                                         _0223_ (net)
                  0.05    0.00    0.67 v _0800_/C1 (sky130_fd_sc_hd__a2111o_1)
     2    0.01    0.07    0.35    1.02 v _0800_/X (sky130_fd_sc_hd__a2111o_1)
                                         _0225_ (net)
                  0.07    0.00    1.02 v _0860_/A (sky130_fd_sc_hd__or3b_1)
     2    0.01    0.08    0.39    1.42 v _0860_/X (sky130_fd_sc_hd__or3b_1)
                                         _0285_ (net)
                  0.08    0.00    1.42 v _0874_/A (sky130_fd_sc_hd__or4b_1)
     2    0.01    0.12    0.58    1.99 v _0874_/X (sky130_fd_sc_hd__or4b_1)
                                         _0299_ (net)
                  0.12    0.00    1.99 v _0899_/A (sky130_fd_sc_hd__or3_1)
     2    0.01    0.10    0.44    2.43 v _0899_/X (sky130_fd_sc_hd__or3_1)
                                         _0324_ (net)
                  0.10    0.00    2.43 v _0920_/C (sky130_fd_sc_hd__nor3_1)
     1    0.01    0.38    0.32    2.76 ^ _0920_/Y (sky130_fd_sc_hd__nor3_1)
                                         _0345_ (net)
                  0.38    0.00    2.76 ^ _0921_/B1 (sky130_fd_sc_hd__a31o_1)
     4    0.02    0.18    0.25    3.01 ^ _0921_/X (sky130_fd_sc_hd__a31o_1)
                                         _0346_ (net)
                  0.18    0.00    3.01 ^ _1351_/A (sky130_fd_sc_hd__or2_1)
     1    0.00    0.04    0.13    3.13 ^ _1351_/X (sky130_fd_sc_hd__or2_1)
                                         _0701_ (net)
                  0.04    0.00    3.13 ^ _1352_/A (sky130_fd_sc_hd__clkbuf_4)
    18    0.06    0.18    0.23    3.37 ^ _1352_/X (sky130_fd_sc_hd__clkbuf_4)
                                         _0702_ (net)
                  0.18    0.00    3.37 ^ _1394_/B1 (sky130_fd_sc_hd__o211a_2)
    10    0.04    0.22    0.35    3.71 ^ _1394_/X (sky130_fd_sc_hd__o211a_2)
                                         _0728_ (net)
                  0.22    0.00    3.72 ^ _1403_/A (sky130_fd_sc_hd__clkbuf_4)
    20    0.06    0.19    0.30    4.02 ^ _1403_/X (sky130_fd_sc_hd__clkbuf_4)
                                         _0735_ (net)
                  0.19    0.00    4.02 ^ _1405_/B (sky130_fd_sc_hd__and3b_1)
     1    0.00    0.05    0.18    4.20 ^ _1405_/X (sky130_fd_sc_hd__and3b_1)
                                         _0737_ (net)
                  0.05    0.00    4.20 ^ _1406_/A (sky130_fd_sc_hd__clkbuf_1)
     1    0.00    0.04    0.08    4.29 ^ _1406_/X (sky130_fd_sc_hd__clkbuf_1)
                                         _0093_ (net)
                  0.04    0.00    4.29 ^ _1641_/D (sky130_fd_sc_hd__dfxtp_2)
                                  4.29   data arrival time

                  0.00 1100.00 1100.00   clock core_clk (rise edge)
                          0.00 1100.00   clock network delay (ideal)
                          0.00 1100.00   clock reconvergence pessimism
                               1100.00 ^ _1641_/CLK (sky130_fd_sc_hd__dfxtp_2)
                         -0.07 1099.93   library setup time
                               1099.93   data required time
-----------------------------------------------------------------------------
                               1099.93   data required time
                                 -4.29   data arrival time
-----------------------------------------------------------------------------
                               1095.65   slack (MET)




===========================================================================
report_checks --slack_max -0.01
============================================================================
======================= Fastest Corner ===================================

No paths found.

======================= Slowest Corner ===================================

No paths found.

======================= Typical Corner ===================================

No paths found.


===========================================================================
 report_check_types -max_slew -max_cap -max_fanout -violators
============================================================================
======================= Fastest Corner ===================================


max slew violations count Fastest: 0
max fanout violations count Fastest: 0
max cap violations count Fastest: 0
======================= Slowest Corner ===================================


max slew violations count Slowest: 0
max fanout violations count Slowest: 0
max cap violations count Slowest: 0
======================= Typical Corner ===================================


max slew violations count Typical: 0
max fanout violations count Typical: 0
max cap violations count Typical: 0

===========================================================================
report_parasitic_annotation -report_unannotated
============================================================================
Found 24 unannotated drivers.
 reg_dat_di[10]
 reg_dat_di[11]
 reg_dat_di[12]
 reg_dat_di[13]
 reg_dat_di[14]
 reg_dat_di[15]
 reg_dat_di[16]
 reg_dat_di[17]
 reg_dat_di[18]
 reg_dat_di[19]
 reg_dat_di[20]
 reg_dat_di[21]
 reg_dat_di[22]
 reg_dat_di[23]
 reg_dat_di[24]
 reg_dat_di[25]
 reg_dat_di[26]
 reg_dat_di[27]
 reg_dat_di[28]
 reg_dat_di[29]
 reg_dat_di[30]
 reg_dat_di[31]
 reg_dat_di[8]
 reg_dat_di[9]
Found 0 partially unannotated drivers.

===========================================================================
max slew violation count 0
max fanout violation count 0
max cap violation count 0
============================================================================

===========================================================================
check_setup -verbose -unconstrained_endpoints -multiple_clock -no_clock -no_input_delay -loops -generated_clocks
===========================================================================
Warning: There are 72 input ports missing set_input_delay.
  reg_dat_di[0]
  reg_dat_di[10]
  reg_dat_di[11]
  reg_dat_di[12]
  reg_dat_di[13]
  reg_dat_di[14]
  reg_dat_di[15]
  reg_dat_di[16]
  reg_dat_di[17]
  reg_dat_di[18]
  reg_dat_di[19]
  reg_dat_di[1]
  reg_dat_di[20]
  reg_dat_di[21]
  reg_dat_di[22]
  reg_dat_di[23]
  reg_dat_di[24]
  reg_dat_di[25]
  reg_dat_di[26]
  reg_dat_di[27]
  reg_dat_di[28]
  reg_dat_di[29]
  reg_dat_di[2]
  reg_dat_di[30]
  reg_dat_di[31]
  reg_dat_di[3]
  reg_dat_di[4]
  reg_dat_di[5]
  reg_dat_di[6]
  reg_dat_di[7]
  reg_dat_di[8]
  reg_dat_di[9]
  reg_dat_re
  reg_dat_we
  reg_div_di[0]
  reg_div_di[10]
  reg_div_di[11]
  reg_div_di[12]
  reg_div_di[13]
  reg_div_di[14]
  reg_div_di[15]
  reg_div_di[16]
  reg_div_di[17]
  reg_div_di[18]
  reg_div_di[19]
  reg_div_di[1]
  reg_div_di[20]
  reg_div_di[21]
  reg_div_di[22]
  reg_div_di[23]
  reg_div_di[24]
  reg_div_di[25]
  reg_div_di[26]
  reg_div_di[27]
  reg_div_di[28]
  reg_div_di[29]
  reg_div_di[2]
  reg_div_di[30]
  reg_div_di[31]
  reg_div_di[3]
  reg_div_di[4]
  reg_div_di[5]
  reg_div_di[6]
  reg_div_di[7]
  reg_div_di[8]
  reg_div_di[9]
  reg_div_we[0]
  reg_div_we[1]
  reg_div_we[2]
  reg_div_we[3]
  resetn
  ser_rx
Warning: There are 66 unconstrained endpoints.
  reg_dat_do[0]
  reg_dat_do[10]
  reg_dat_do[11]
  reg_dat_do[12]
  reg_dat_do[13]
  reg_dat_do[14]
  reg_dat_do[15]
  reg_dat_do[16]
  reg_dat_do[17]
  reg_dat_do[18]
  reg_dat_do[19]
  reg_dat_do[1]
  reg_dat_do[20]
  reg_dat_do[21]
  reg_dat_do[22]
  reg_dat_do[23]
  reg_dat_do[24]
  reg_dat_do[25]
  reg_dat_do[26]
  reg_dat_do[27]
  reg_dat_do[28]
  reg_dat_do[29]
  reg_dat_do[2]
  reg_dat_do[30]
  reg_dat_do[31]
  reg_dat_do[3]
  reg_dat_do[4]
  reg_dat_do[5]
  reg_dat_do[6]
  reg_dat_do[7]
  reg_dat_do[8]
  reg_dat_do[9]
  reg_dat_wait
  reg_div_do[0]
  reg_div_do[10]
  reg_div_do[11]
  reg_div_do[12]
  reg_div_do[13]
  reg_div_do[14]
  reg_div_do[15]
  reg_div_do[16]
  reg_div_do[17]
  reg_div_do[18]
  reg_div_do[19]
  reg_div_do[1]
  reg_div_do[20]
  reg_div_do[21]
  reg_div_do[22]
  reg_div_do[23]
  reg_div_do[24]
  reg_div_do[25]
  reg_div_do[26]
  reg_div_do[27]
  reg_div_do[28]
  reg_div_do[29]
  reg_div_do[2]
  reg_div_do[30]
  reg_div_do[31]
  reg_div_do[3]
  reg_div_do[4]
  reg_div_do[5]
  reg_div_do[6]
  reg_div_do[7]
  reg_div_do[8]
  reg_div_do[9]
  ser_tx
