
===========================================================================
 report_power
============================================================================
======================= Fastest Corner ===================================

Group                  Internal  Switching    Leakage      Total
                          Power      Power      Power      Power (Watts)
----------------------------------------------------------------
Sequential             8.31e-05   1.78e-05   2.75e-08   1.01e-04  40.3%
Combinational          3.88e-05   7.69e-05   5.78e-08   1.16e-04  46.3%
Clock                  7.23e-06   2.62e-05   1.77e-08   3.34e-05  13.4%
Macro                  0.00e+00   0.00e+00   0.00e+00   0.00e+00   0.0%
Pad                    0.00e+00   0.00e+00   0.00e+00   0.00e+00   0.0%
----------------------------------------------------------------
Total                  1.29e-04   1.21e-04   1.03e-07   2.50e-04 100.0%
                          51.6%      48.3%       0.0%

======================= Slowest Corner ===================================

Group                  Internal  Switching    Leakage      Total
                          Power      Power      Power      Power (Watts)
----------------------------------------------------------------
Sequential             5.80e-05   1.20e-05   2.45e-05   9.45e-05  38.3%
Combinational          2.77e-05   5.15e-05   4.98e-05   1.29e-04  52.3%
Clock                  5.28e-06   1.68e-05   1.20e-06   2.33e-05   9.4%
Macro                  0.00e+00   0.00e+00   0.00e+00   0.00e+00   0.0%
Pad                    0.00e+00   0.00e+00   0.00e+00   0.00e+00   0.0%
----------------------------------------------------------------
Total                  9.10e-05   8.03e-05   7.55e-05   2.47e-04 100.0%
                          36.9%      32.5%      30.6%

======================= Typical Corner ===================================

Group                  Internal  Switching    Leakage      Total
                          Power      Power      Power      Power (Watts)
----------------------------------------------------------------
Sequential             7.20e-05   1.52e-05   1.44e-08   8.72e-05  40.5%
Combinational          3.46e-05   6.53e-05   4.00e-08   9.99e-05  46.3%
Clock                  6.44e-06   2.20e-05   1.62e-08   2.85e-05  13.2%
Macro                  0.00e+00   0.00e+00   0.00e+00   0.00e+00   0.0%
Pad                    0.00e+00   0.00e+00   0.00e+00   0.00e+00   0.0%
----------------------------------------------------------------
Total                  1.13e-04   1.02e-04   7.06e-08   2.16e-04 100.0%
                          52.4%      47.5%       0.0%

